Component: ARM Compiler 5.06 update 4 (build 422) Tool: armlink [4d35d2]

==============================================================================

Section Cross References

    main.o(i.main) refers to context.o(.text) for hw_interrupt_disable
    main.o(i.main) refers to board.o(i.hw_board_init) for hw_board_init
    main.o(i.main) refers to soft_timer.o(i.soft_timer_init) for soft_timer_init
    main.o(i.main) refers to program_protocol.o(i.program_protocol_init) for program_protocol_init
    main.o(i.main) refers to program.o(i.program_init) for program_init
    main.o(i.main) refers to soft_timer.o(i.soft_timer_handler) for soft_timer_handler
    main.o(i.main) refers to device_usart.o(i.usart_poll) for usart_poll
    main.o(i.main) refers to program_protocol.o(i.program_protocol_handler) for program_protocol_handler
    program_protocol.o(i.program_bootarg) refers to program_protocol.o(i.program_std_return) for program_std_return
    program_protocol.o(i.program_bootarg) refers to program_protocol.o(.bss) for program_protol_callback
    program_protocol.o(i.program_erase) refers to program_protocol.o(i.checksum) for checksum
    program_protocol.o(i.program_erase) refers to device_usart.o(i.usart_send) for usart_send
    program_protocol.o(i.program_erase) refers to program_protocol.o(.bss) for program_protol_callback
    program_protocol.o(i.program_probe) refers to device_usart.o(i.usart_send) for usart_send
    program_protocol.o(i.program_probe) refers to program_protocol.o(.bss) for protocal_send_buffer
    program_protocol.o(i.program_probe_stream) refers to memcmp.o(.text) for memcmp
    program_protocol.o(i.program_probe_stream) refers to soft_timer.o(i.soft_timer_start) for soft_timer_start
    program_protocol.o(i.program_probe_stream) refers to rt_memcpy_w.o(.text) for __aeabi_memcpy4
    program_protocol.o(i.program_probe_stream) refers to device_usart.o(i.usart_send) for usart_send
    program_protocol.o(i.program_probe_stream) refers to program_protocol.o(.data) for program_start_status_current
    program_protocol.o(i.program_probe_stream) refers to program_protocol.o(i.program_timeout) for program_timeout
    program_protocol.o(i.program_probe_stream) refers to program_protocol.o(.bss) for protocal_send_buffer
    program_protocol.o(i.program_program) refers to program_protocol.o(i.checksum) for checksum
    program_protocol.o(i.program_program) refers to device_usart.o(i.usart_send) for usart_send
    program_protocol.o(i.program_program) refers to program_protocol.o(.bss) for program_protol_callback
    program_protocol.o(i.program_protocol) refers to program_protocol.o(i.checksum) for checksum
    program_protocol.o(i.program_protocol) refers to soft_timer.o(i.soft_timer_start) for soft_timer_start
    program_protocol.o(i.program_protocol) refers to program_protocol.o(i.program_std_return) for program_std_return
    program_protocol.o(i.program_protocol) refers to program_protocol.o(i.program_read_infomation) for program_read_infomation
    program_protocol.o(i.program_protocol) refers to program_protocol.o(i.program_erase) for program_erase
    program_protocol.o(i.program_protocol) refers to program_protocol.o(i.program_program) for program_program
    program_protocol.o(i.program_protocol) refers to program_protocol.o(i.program_read) for program_read
    program_protocol.o(i.program_protocol) refers to program_protocol.o(i.program_verif) for program_verif
    program_protocol.o(i.program_protocol) refers to program_protocol.o(i.program_startup) for program_startup
    program_protocol.o(i.program_protocol) refers to program_protocol.o(i.program_bootarg) for program_bootarg
    program_protocol.o(i.program_protocol) refers to program_protocol.o(.bss) for protocal_recv_buffer
    program_protocol.o(i.program_protocol) refers to program_protocol.o(.data) for program_current_status
    program_protocol.o(i.program_protocol) refers to program_protocol.o(i.program_timeout) for program_timeout
    program_protocol.o(i.program_protocol_callback_config) refers to rt_memcpy_w.o(.text) for __aeabi_memcpy4
    program_protocol.o(i.program_protocol_callback_config) refers to program_protocol.o(.bss) for program_protol_callback
    program_protocol.o(i.program_protocol_handler) refers to device_usart.o(i.usart_status_get) for usart_status_get
    program_protocol.o(i.program_protocol_handler) refers to device_led.o(i.led_control) for led_control
    program_protocol.o(i.program_protocol_handler) refers to device_usart.o(i.usart_read) for usart_read
    program_protocol.o(i.program_protocol_handler) refers to program_protocol.o(i.program_probe) for program_probe
    program_protocol.o(i.program_protocol_handler) refers to program_protocol.o(i.program_probe_stream) for program_probe_stream
    program_protocol.o(i.program_protocol_handler) refers to program_protocol.o(i.program_protocol) for program_protocol
[...]
    __rtentry2.o(.ARM.Collect$$rtentry$$00000008) refers to boardinit2.o(.text) for _platform_post_stackheap_init
    __rtentry2.o(.ARM.Collect$$rtentry$$0000000A) refers to libinit.o(.ARM.Collect$$libinit$$00000000) for __rt_lib_init
    __rtentry2.o(.ARM.Collect$$rtentry$$0000000B) refers to boardinit3.o(.text) for _platform_post_lib_init
    __rtentry2.o(.ARM.Collect$$rtentry$$0000000D) refers to main.o(i.main) for main
    __rtentry2.o(.ARM.Collect$$rtentry$$0000000D) refers to exit.o(.text) for exit
    __rtentry2.o(.ARM.exidx) refers to __rtentry2.o(.ARM.Collect$$rtentry$$00000001) for .ARM.Collect$$rtentry$$00000001
    __rtentry2.o(.ARM.exidx) refers to __rtentry2.o(.ARM.Collect$$rtentry$$00000008) for .ARM.Collect$$rtentry$$00000008
    __rtentry2.o(.ARM.exidx) refers to __rtentry2.o(.ARM.Collect$$rtentry$$0000000A) for .ARM.Collect$$rtentry$$0000000A
    __rtentry2.o(.ARM.exidx) refers to __rtentry2.o(.ARM.Collect$$rtentry$$0000000B) for .ARM.Collect$$rtentry$$0000000B
    __rtentry2.o(.ARM.exidx) refers to __rtentry2.o(.ARM.Collect$$rtentry$$0000000D) for .ARM.Collect$$rtentry$$0000000D
    __rtentry4.o(.ARM.Collect$$rtentry$$00000004) refers to sys_stackheap_outer.o(.text) for __user_setup_stackheap
    __rtentry4.o(.ARM.exidx) refers to __rtentry4.o(.ARM.Collect$$rtentry$$00000004) for .ARM.Collect$$rtentry$$00000004
    sys_stackheap_outer.o(.text) refers to libspace.o(.text) for __user_perproc_libspace
    sys_stackheap_outer.o(.text) refers to startup_mm32l3xx.o(.text) for __user_initial_stackheap
    exit.o(.text) refers to rtexit.o(.ARM.Collect$$rtexit$$00000000) for __rt_exit
    libinit.o(.ARM.Collect$$libinit$$00000000) refers (Special) to libinit2.o(.ARM.Collect$$libinit$$0000002E) for __rt_lib_init_alloca_1
    libinit.o(.ARM.Collect$$libinit$$00000000) refers (Special) to libinit2.o(.ARM.Collect$$libinit$$0000002C) for __rt_lib_init_argv_1
    libinit.o(.ARM.Collect$$libinit$$00000000) refers (Special) to libinit2.o(.ARM.Collect$$libinit$$0000001B) for __rt_lib_init_atexit_1
    libinit.o(.ARM.Collect$$libinit$$00000000) refers (Special) to libinit2.o(.ARM.Collect$$libinit$$00000021) for __rt_lib_init_clock_1
    libinit.o(.ARM.Collect$$libinit$$00000000) refers (Special) to libinit2.o(.ARM.Collect$$libinit$$00000032) for __rt_lib_init_cpp_1
    libinit.o(.ARM.Collect$$libinit$$00000000) refers (Special) to libinit2.o(.ARM.Collect$$libinit$$00000030) for __rt_lib_init_exceptions_1
    libinit.o(.ARM.Collect$$libinit$$00000000) refers (Special) to libinit2.o(.ARM.Collect$$libinit$$00000002) for __rt_lib_init_fp_1
    libinit.o(.ARM.Collect$$libinit$$00000000) refers (Special) to libinit2.o(.ARM.Collect$$libinit$$0000001F) for __rt_lib_init_fp_trap_1
    libinit.o(.ARM.Collect$$libinit$$00000000) refers (Special) to libinit2.o(.ARM.Collect$$libinit$$00000023) for __rt_lib_init_getenv_1
    libinit.o(.ARM.Collect$$libinit$$00000000) refers (Special) to libinit2.o(.ARM.Collect$$libinit$$0000000A) for __rt_lib_init_heap_1
    libinit.o(.ARM.Collect$$libinit$$00000000) refers (Special) to libinit2.o(.ARM.Collect$$libinit$$00000011) for __rt_lib_init_lc_collate_1
    libinit.o(.ARM.Collect$$libinit$$00000000) refers (Special) to libinit2.o(.ARM.Collect$$libinit$$00000013) for __rt_lib_init_lc_ctype_1
    libinit.o(.ARM.Collect$$libinit$$00000000) refers (Special) to libinit2.o(.ARM.Collect$$libinit$$00000015) for __rt_lib_init_lc_monetary_1
    libinit.o(.ARM.Collect$$libinit$$00000000) refers (Special) to libinit2.o(.ARM.Collect$$libinit$$00000017) for __rt_lib_init_lc_numeric_1
    libinit.o(.ARM.Collect$$libinit$$00000000) refers (Special) to libinit2.o(.ARM.Collect$$libinit$$00000019) for __rt_lib_init_lc_time_1
    libinit.o(.ARM.Collect$$libinit$$00000000) refers (Special) to libinit2.o(.ARM.Collect$$libinit$$00000004) for __rt_lib_init_preinit_1
    libinit.o(.ARM.Collect$$libinit$$00000000) refers (Special) to libinit2.o(.ARM.Collect$$libinit$$0000000E) for __rt_lib_init_rand_1
    libinit.o(.ARM.Collect$$libinit$$00000000) refers (Special) to libinit2.o(.ARM.Collect$$libinit$$00000033) for __rt_lib_init_return
    libinit.o(.ARM.Collect$$libinit$$00000000) refers (Special) to libinit2.o(.ARM.Collect$$libinit$$0000001D) for __rt_lib_init_signal_1
    libinit.o(.ARM.Collect$$libinit$$00000000) refers (Special) to libinit2.o(.ARM.Collect$$libinit$$00000025) for __rt_lib_init_stdio_1
    libinit.o(.ARM.Collect$$libinit$$00000000) refers (Special) to libinit2.o(.ARM.Collect$$libinit$$0000000C) for __rt_lib_init_user_alloc_1
    libspace.o(.text) refers to libspace.o(.bss) for __libspace_start
    rtexit.o(.ARM.Collect$$rtexit$$00000000) refers (Special) to rtexit2.o(.ARM.Collect$$rtexit$$00000004) for __rt_exit_exit
    rtexit.o(.ARM.Collect$$rtexit$$00000000) refers (Special) to rtexit2.o(.ARM.Collect$$rtexit$$00000003) for __rt_exit_ls
    rtexit.o(.ARM.Collect$$rtexit$$00000000) refers (Special) to rtexit2.o(.ARM.Collect$$rtexit$$00000002) for __rt_exit_prels_1
    rtexit.o(.ARM.exidx) refers (Special) to rtexit2.o(.ARM.Collect$$rtexit$$00000004) for __rt_exit_exit
    rtexit.o(.ARM.exidx) refers (Special) to rtexit2.o(.ARM.Collect$$rtexit$$00000003) for __rt_exit_ls
    rtexit.o(.ARM.exidx) refers (Special) to rtexit2.o(.ARM.Collect$$rtexit$$00000002) for __rt_exit_prels_1
    rtexit.o(.ARM.exidx) refers to rtexit.o(.ARM.Collect$$rtexit$$00000000) for .ARM.Collect$$rtexit$$00000000
    libinit2.o(.ARM.Collect$$libinit$$00000010) refers to libinit2.o(.ARM.Collect$$libinit$$0000000F) for .ARM.Collect$$libinit$$0000000F
    libinit2.o(.ARM.Collect$$libinit$$00000012) refers to libinit2.o(.ARM.Collect$$libinit$$0000000F) for .ARM.Collect$$libinit$$0000000F
    libinit2.o(.ARM.Collect$$libinit$$00000014) refers to libinit2.o(.ARM.Collect$$libinit$$0000000F) for .ARM.Collect$$libinit$$0000000F
    libinit2.o(.ARM.Collect$$libinit$$00000016) refers to libinit2.o(.ARM.Collect$$libinit$$0000000F) for .ARM.Collect$$libinit$$0000000F
    libinit2.o(.ARM.Collect$$libinit$$00000018) refers to libinit2.o(.ARM.Collect$$libinit$$0000000F) for .ARM.Collect$$libinit$$0000000F
    libinit2.o(.ARM.Collect$$libinit$$00000026) refers to argv_veneer.o(.emb_text) for __ARM_argv_veneer
    libinit2.o(.ARM.Collect$$libinit$$00000027) refers to argv_veneer.o(.emb_text) for __ARM_argv_veneer
    rtexit2.o(.ARM.Collect$$rtexit$$00000003) refers to libshutdown.o(.ARM.Collect$$libshutdown$$00000000) for __rt_lib_shutdown
    rtexit2.o(.ARM.Collect$$rtexit$$00000004) refers to sys_exit.o(.text) for _sys_exit
    rtexit2.o(.ARM.exidx) refers to rtexit2.o(.ARM.Collect$$rtexit$$00000001) for .ARM.Collect$$rtexit$$00000001
    rtexit2.o(.ARM.exidx) refers to rtexit2.o(.ARM.Collect$$rtexit$$00000003) for .ARM.Collect$$rtexit$$00000003
    rtexit2.o(.ARM.exidx) refers to rtexit2.o(.ARM.Collect$$rtexit$$00000004) for .ARM.Collect$$rtexit$$00000004
    argv_veneer.o(.emb_text) refers to no_argv.o(.text) for __ARM_get_argv
    sys_exit.o(.text) refers (Special) to use_no_semi.o(.text) for __I$use$semihosting
    sys_exit.o(.text) refers (Special) to indicate_semi.o(.text) for __semihosting_library_function
    _get_argv_nomalloc.o(.text) refers (Special) to hrguard.o(.text) for __heap_region$guard
    _get_argv_nomalloc.o(.text) refers to defsig_rtmem_outer.o(.text) for __rt_SIGRTMEM
    _get_argv_nomalloc.o(.text) refers to sys_command.o(.text) for _sys_command_string
    libshutdown.o(.ARM.Collect$$libshutdown$$00000000) refers (Special) to libshutdown2.o(.ARM.Collect$$libshutdown$$00000002) for __rt_lib_shutdown_cpp_1
    libshutdown.o(.ARM.Collect$$libshutdown$$00000000) refers (Special) to libshutdown2.o(.ARM.Collect$$libshutdown$$00000007) for __rt_lib_shutdown_fp_trap_1
    libshutdown.o(.ARM.Collect$$libshutdown$$00000000) refers (Special) to libshutdown2.o(.ARM.Collect$$libshutdown$$0000000F) for __rt_lib_shutdown_heap_1
    libshutdown.o(.ARM.Collect$$libshutdown$$00000000) refers (Special) to libshutdown2.o(.ARM.Collect$$libshutdown$$00000010) for __rt_lib_shutdown_return
    libshutdown.o(.ARM.Collect$$libshutdown$$00000000) refers (Special) to libshutdown2.o(.ARM.Collect$$libshutdown$$0000000A) for __rt_lib_shutdown_signal_1
    libshutdown.o(.ARM.Collect$$libshutdown$$00000000) refers (Special) to libshutdown2.o(.ARM.Collect$$libshutdown$$00000004) for __rt_lib_shutdown_stdio_1
    libshutdown.o(.ARM.Collect$$libshutdown$$00000000) refers (Special) to libshutdown2.o(.ARM.Collect$$libshutdown$$0000000C) for __rt_lib_shutdown_user_alloc_1
    sys_command.o(.text) refers (Special) to use_no_semi.o(.text) for __I$use$semihosting
    sys_command.o(.text) refers (Special) to indicate_semi.o(.text) for __semihosting_library_function
    defsig_rtmem_outer.o(.text) refers to defsig_rtmem_inner.o(.text) for __rt_SIGRTMEM_inner
    defsig_rtmem_outer.o(.text) refers to defsig_exit.o(.text) for __sig_exit
    defsig_rtmem_formal.o(.text) refers to rt_raise.o(.text) for __rt_raise
    rt_raise.o(.text) refers to __raise.o(.text) for __raise
    rt_raise.o(.text) refers to sys_exit.o(.text) for _sys_exit
    defsig_exit.o(.text) refers to sys_exit.o(.text) for _sys_exit
    defsig_rtmem_inner.o(.text) refers to defsig_general.o(.text) for __default_signal_display
    __raise.o(.text) refers to defsig.o(CL$$defsig) for __default_signal_handler
    defsig_general.o(.text) refers to sys_wrch.o(.text) for _ttywrch
    sys_wrch.o(.text) refers (Special) to use_no_semi.o(.text) for __I$use$semihosting
    sys_wrch.o(.text) refers (Special) to indicate_semi.o(.text) for __semihosting_library_function
    defsig.o(CL$$defsig) refers to defsig_rtmem_inner.o(.text) for __rt_SIGRTMEM_inner
    defsig_abrt_inner.o(.text) refers to defsig_general.o(.text) for __default_signal_display
    defsig_fpe_inner.o(.text) refers to defsig_general.o(.text) for __default_signal_display
    defsig_rtred_inner.o(.text) refers to defsig_general.o(.text) for __default_signal_display
    defsig_stak_inner.o(.text) refers to defsig_general.o(.text) for __default_signal_display
    defsig_pvfn_inner.o(.text) refers to defsig_general.o(.text) for __default_signal_display
    defsig_cppl_inner.o(.text) refers to defsig_general.o(.text) for __default_signal_display
    defsig_segv_inner.o(.text) refers to defsig_general.o(.text) for __default_signal_display
    defsig_other.o(.text) refers to defsig_general.o(.text) for __default_signal_display


==============================================================================

Removing Unused input sections from the image.

    Removing hardware.o(.rev16_text), (4 bytes).
    Removing hardware.o(.revsh_text), (4 bytes).
    Removing hardware.o(.rrx_text), (6 bytes).
    Removing board.o(.rev16_text), (4 bytes).
    Removing board.o(.revsh_text), (4 bytes).
    Removing board.o(.rrx_text), (6 bytes).
    Removing device_usart.o(.rev16_text), (4 bytes).
    Removing device_usart.o(.revsh_text), (4 bytes).
    Removing device_usart.o(.rrx_text), (6 bytes).
    Removing device_led.o(.rev16_text), (4 bytes).
    Removing device_led.o(.revsh_text), (4 bytes).
    Removing device_led.o(.rrx_text), (6 bytes).
    Removing hal_wwdg.o(.rev16_text), (4 bytes).
    Removing hal_wwdg.o(.revsh_text), (4 bytes).
    Removing hal_wwdg.o(.rrx_text), (6 bytes).
    Removing hal_wwdg.o(i.WWDG_ClearFlag), (12 bytes).
    Removing hal_wwdg.o(i.WWDG_DeInit), (22 bytes).
    Removing hal_wwdg.o(i.WWDG_Enable), (16 bytes).
    Removing hal_wwdg.o(i.WWDG_EnableIT), (20 bytes).
    Removing hal_wwdg.o(i.WWDG_GetFlagStatus), (12 bytes).
    Removing hal_wwdg.o(i.WWDG_SetCounter), (16 bytes).
    Removing hal_wwdg.o(i.WWDG_SetPrescaler), (24 bytes).
    Removing hal_wwdg.o(i.WWDG_SetWindowValue), (28 bytes).
    Removing hal_uart.o(.rev16_text), (4 bytes).
    Removing hal_uart.o(.revsh_text), (4 bytes).
    Removing hal_uart.o(.rrx_text), (6 bytes).
    Removing hal_uart.o(i.UART_ClearFlag), (2 bytes).
    Removing hal_uart.o(i.UART_DMACmd), (18 bytes).
    Removing hal_uart.o(i.UART_DeInit), (92 bytes).
    Removing hal_uart.o(i.UART_GetFlagStatus), (18 bytes).
    Removing hal_uart.o(i.UART_StructInit), (26 bytes).
    Removing hal_rcc.o(.rev16_text), (4 bytes).
    Removing hal_rcc.o(.revsh_text), (4 bytes).
    Removing hal_rcc.o(.rrx_text), (6 bytes).
    Removing hal_rcc.o(i.RCC_ADCCLKConfig), (24 bytes).
    Removing hal_rcc.o(i.RCC_APB1PeriphResetCmd), (32 bytes).
    Removing hal_rcc.o(i.RCC_APB2PeriphResetCmd), (32 bytes).
    Removing hal_rcc.o(i.RCC_AdjustHSICalibrationValue), (24 bytes).
    Removing hal_rcc.o(i.RCC_BackupResetCmd), (12 bytes).
    Removing hal_rcc.o(i.RCC_ClearFlag), (20 bytes).
    Removing hal_rcc.o(i.RCC_ClearITPendingBit), (20 bytes).
    Removing hal_rcc.o(i.RCC_ClockSecuritySystemCmd), (12 bytes).
    Removing hal_rcc.o(i.RCC_DeInit), (76 bytes).
    Removing hal_rcc.o(i.RCC_GetFlagStatus), (60 bytes).
    Removing hal_rcc.o(i.RCC_GetITStatus), (24 bytes).
    Removing hal_rcc.o(i.RCC_GetSYSCLKSource), (16 bytes).
    Removing hal_rcc.o(i.RCC_HCLKConfig), (24 bytes).
    Removing hal_rcc.o(i.RCC_HSEConfig), (76 bytes).
    Removing hal_rcc.o(i.RCC_HSICmd), (36 bytes).
    Removing hal_rcc.o(i.RCC_ITConfig), (44 bytes).
    Removing hal_rcc.o(i.RCC_LSEConfig), (48 bytes).
    Removing hal_rcc.o(i.RCC_LSICmd), (36 bytes).
    Removing hal_rcc.o(i.RCC_MCOConfig), (12 bytes).
    Removing hal_rcc.o(i.RCC_PCLK1Config), (24 bytes).
    Removing hal_rcc.o(i.RCC_PCLK2Config), (24 bytes).
    Removing hal_rcc.o(i.RCC_PLLCmd), (36 bytes).
    Removing hal_rcc.o(i.RCC_PLLConfig), (264 bytes).
    Removing hal_rcc.o(i.RCC_PLLDMDNConfig), (36 bytes).
    Removing hal_rcc.o(i.RCC_RTCCLKCmd), (36 bytes).
    Removing hal_rcc.o(i.RCC_RTCCLKConfig), (16 bytes).
    Removing hal_rcc.o(i.RCC_SYSCLKConfig), (24 bytes).
    Removing hal_rcc.o(i.RCC_USBCLKConfig), (28 bytes).
    Removing hal_rcc.o(i.RCC_WaitForHSEStartUp), (54 bytes).
    Removing hal_pwr.o(.rev16_text), (4 bytes).
    Removing hal_pwr.o(.revsh_text), (4 bytes).
    Removing hal_pwr.o(.rrx_text), (6 bytes).
    Removing hal_pwr.o(i.PWR_BackupAccessCmd), (36 bytes).
    Removing hal_pwr.o(i.PWR_ClearFlag), (20 bytes).
    Removing hal_pwr.o(i.PWR_DeInit), (22 bytes).
    Removing hal_pwr.o(i.PWR_EnterSTANDBYMode), (52 bytes).
    Removing hal_pwr.o(i.PWR_EnterSTOPMode), (52 bytes).
    Removing hal_pwr.o(i.PWR_GetFlagStatus), (24 bytes).
    Removing hal_pwr.o(i.PWR_PVDCmd), (36 bytes).
    Removing hal_pwr.o(i.PWR_PVDLevelConfig), (24 bytes).
    Removing hal_pwr.o(i.PWR_WakeUpPinCmd), (36 bytes).
    Removing hal_misc.o(.rev16_text), (4 bytes).
    Removing hal_misc.o(.revsh_text), (4 bytes).
    Removing hal_misc.o(.rrx_text), (6 bytes).
    Removing hal_misc.o(i.NVIC_PriorityGroupConfig), (20 bytes).
    Removing hal_misc.o(i.NVIC_SystemLPConfig), (32 bytes).
    Removing hal_misc.o(i.SysTick_CLKSourceConfig), (40 bytes).
    Removing hal_iwdg.o(.rev16_text), (4 bytes).
    Removing hal_iwdg.o(.revsh_text), (4 bytes).
    Removing hal_iwdg.o(.rrx_text), (6 bytes).
    Removing hal_iwdg.o(i.IWDG_Enable), (16 bytes).
    Removing hal_iwdg.o(i.IWDG_GetFlagStatus), (24 bytes).
    Removing hal_iwdg.o(i.IWDG_ReloadCounter), (16 bytes).
    Removing hal_iwdg.o(i.IWDG_SetPrescaler), (12 bytes).
    Removing hal_iwdg.o(i.IWDG_SetReload), (12 bytes).
    Removing hal_iwdg.o(i.IWDG_WriteAccessCmd), (12 bytes).
    Removing hal_gpio.o(.rev16_text), (4 bytes).
    Removing hal_gpio.o(.revsh_text), (4 bytes).
    Removing hal_gpio.o(.rrx_text), (6 bytes).
    Removing hal_gpio.o(i.GPIO_AFIODeInit), (20 bytes).
    Removing hal_gpio.o(i.GPIO_DeInit), (112 bytes).
    Removing hal_gpio.o(i.GPIO_EXTILineConfig), (64 bytes).
    Removing hal_gpio.o(i.GPIO_EventOutputCmd), (12 bytes).
    Removing hal_gpio.o(i.GPIO_EventOutputConfig), (32 bytes).
    Removing hal_gpio.o(i.GPIO_PinLockConfig), (18 bytes).
    Removing hal_gpio.o(i.GPIO_PinRemapConfig), (100 bytes).
    Removing hal_gpio.o(i.GPIO_ReadInputData), (8 bytes).
    Removing hal_gpio.o(i.GPIO_ReadInputDataBit), (18 bytes).
    Removing hal_gpio.o(i.GPIO_ReadOutputData), (8 bytes).
    Removing hal_gpio.o(i.GPIO_ReadOutputDataBit), (18 bytes).
    Removing hal_gpio.o(i.GPIO_ResetBits), (4 bytes).
    Removing hal_gpio.o(i.GPIO_SetBits), (4 bytes).
    Removing hal_gpio.o(i.GPIO_StructInit), (16 bytes).
    Removing hal_gpio.o(i.GPIO_Write), (4 bytes).
    Removing hal_gpio.o(i.GPIO_WriteBit), (10 bytes).
    Removing hal_flash.o(.rev16_text), (4 bytes).
    Removing hal_flash.o(.revsh_text), (4 bytes).
    Removing hal_flash.o(.rrx_text), (6 bytes).
    Removing hal_flash.o(i.FLASH_ClearFlag), (12 bytes).
    Removing hal_flash.o(i.FLASH_EnableWriteProtection), (196 bytes).
    Removing hal_flash.o(i.FLASH_EraseAllPages), (80 bytes).
    Removing hal_flash.o(i.FLASH_EraseOptionBytes), (164 bytes).
    Removing hal_flash.o(i.FLASH_GetFlagStatus), (48 bytes).
    Removing hal_flash.o(i.FLASH_GetPrefetchBufferStatus), (24 bytes).
    Removing hal_flash.o(i.FLASH_GetReadOutProtectionStatus), (24 bytes).
    Removing hal_flash.o(i.FLASH_GetUserOptionByte), (12 bytes).
    Removing hal_flash.o(i.FLASH_GetWriteProtectionOptionByte), (12 bytes).
    Removing hal_flash.o(i.FLASH_HalfCycleAccessCmd), (28 bytes).
    Removing hal_flash.o(i.FLASH_ITConfig), (32 bytes).
    Removing hal_flash.o(i.FLASH_PrefetchBufferCmd), (28 bytes).
    Removing hal_flash.o(i.FLASH_ProgramHalfWord), (68 bytes).
    Removing hal_flash.o(i.FLASH_ProgramOptionByteData), (84 bytes).
    Removing hal_flash.o(i.FLASH_ReadOutProtection), (176 bytes).
    Removing hal_flash.o(i.FLASH_SetLatency), (24 bytes).
    Removing hal_flash.o(i.FLASH_UserOptionByteConfig), (108 bytes).
    Removing hal_exti.o(.rev16_text), (4 bytes).
    Removing hal_exti.o(.revsh_text), (4 bytes).
    Removing hal_exti.o(.rrx_text), (6 bytes).
    Removing hal_exti.o(i.EXTI_ClearFlag), (12 bytes).
    Removing hal_exti.o(i.EXTI_ClearITPendingBit), (12 bytes).
    Removing hal_exti.o(i.EXTI_DeInit), (36 bytes).
    Removing hal_exti.o(i.EXTI_GenerateSWInterrupt), (16 bytes).
    Removing hal_exti.o(i.EXTI_GetFlagStatus), (24 bytes).
    Removing hal_exti.o(i.EXTI_GetITStatus), (40 bytes).
    Removing hal_exti.o(i.EXTI_Init), (184 bytes).
    Removing hal_exti.o(i.EXTI_StructInit), (16 bytes).
    Removing hal_dma.o(.rev16_text), (4 bytes).
    Removing hal_dma.o(.revsh_text), (4 bytes).
    Removing hal_dma.o(.rrx_text), (6 bytes).
    Removing hal_dma.o(i.DMA_ClearFlag), (12 bytes).
    Removing hal_dma.o(i.DMA_ClearITPendingBit), (12 bytes).
    Removing hal_dma.o(i.DMA_Cmd), (22 bytes).
    Removing hal_dma.o(i.DMA_DeInit), (200 bytes).
    Removing hal_dma.o(i.DMA_GetCurrDataCounter), (8 bytes).
    Removing hal_dma.o(i.DMA_GetFlagStatus), (28 bytes).
    Removing hal_dma.o(i.DMA_GetITStatus), (28 bytes).
    Removing hal_dma.o(i.DMA_ITConfig), (18 bytes).
    Removing hal_dma.o(i.DMA_Init), (60 bytes).
    Removing hal_dma.o(i.DMA_StructInit), (26 bytes).
    Removing hal_crc.o(.rev16_text), (4 bytes).
    Removing hal_crc.o(.revsh_text), (4 bytes).
    Removing hal_crc.o(.rrx_text), (6 bytes).
    Removing hal_crc.o(i.CRC_GetIDRegister), (12 bytes).
    Removing hal_crc.o(i.CRC_SetIDRegister), (12 bytes).
    Removing system_mm32l3xx.o(.rev16_text), (4 bytes).
    Removing system_mm32l3xx.o(.revsh_text), (4 bytes).
    Removing system_mm32l3xx.o(.rrx_text), (6 bytes).

161 unused section(s) (total 4532 bytes) removed from the image.

==============================================================================

Image Symbol Table

    Local Symbols

    Symbol Name                              Value     Ov Type        Size  Object(Section)

    ../clib/angel/boardlib.s                 0x00000000   Number         0  boardinit2.o ABSOLUTE
    ../clib/angel/boardlib.s                 0x00000000   Number         0  boardinit1.o ABSOLUTE
    ../clib/angel/boardlib.s                 0x00000000   Number         0  boardshut.o ABSOLUTE
    ../clib/angel/boardlib.s                 0x00000000   Number         0  boardinit3.o ABSOLUTE
    ../clib/angel/handlers.s                 0x00000000   Number         0  __scatter_zi.o ABSOLUTE
    ../clib/angel/handlers.s                 0x00000000   Number         0  __scatter_copy.o ABSOLUTE
    ../clib/angel/kernel.s                   0x00000000   Number         0  rtexit.o ABSOLUTE
    ../clib/angel/kernel.s                   0x00000000   Number         0  rtexit2.o ABSOLUTE
    ../clib/angel/kernel.s                   0x00000000   Number         0  __rtentry4.o ABSOLUTE
    ../clib/angel/kernel.s                   0x00000000   Number         0  __rtentry2.o ABSOLUTE
    ../clib/angel/kernel.s                   0x00000000   Number         0  __rtentry.o ABSOLUTE
    ../clib/angel/rt.s                       0x00000000   Number         0  rt_raise.o ABSOLUTE
    ../clib/angel/scatter.s                  0x00000000   Number         0  __scatter.o ABSOLUTE
    ../clib/angel/startup.s                  0x00000000   Number         0  __main.o ABSOLUTE
    ../clib/angel/sys.s                      0x00000000   Number         0  libspace.o ABSOLUTE
    ../clib/angel/sys.s                      0x00000000   Number         0  sys_stackheap_outer.o ABSOLUTE
    ../clib/angel/sys.s                      0x00000000   Number         0  use_no_semi.o ABSOLUTE
    ../clib/angel/sys.s                      0x00000000   Number         0  indicate_semi.o ABSOLUTE
    ../clib/angel/sysapp.c                   0x00000000   Number         0  sys_exit.o ABSOLUTE
    ../clib/angel/sysapp.c                   0x00000000   Number         0  sys_wrch.o ABSOLUTE
    ../clib/angel/sysapp.c                   0x00000000   Number         0  sys_command.o ABSOLUTE
    ../clib/armsys.c                         0x00000000   Number         0  argv_veneer.o ABSOLUTE
    ../clib/armsys.c                         0x00000000   Number         0  argv_veneer.o ABSOLUTE
    ../clib/armsys.c                         0x00000000   Number         0  _get_argv_nomalloc.o ABSOLUTE
    ../clib/armsys.c                         0x00000000   Number         0  no_argv.o ABSOLUTE
    ../clib/heapalloc.c                      0x00000000   Number         0  hrguard.o ABSOLUTE
    ../clib/heapaux.c                        0x00000000   Number         0  heapauxi.o ABSOLUTE
    ../clib/libinit.s                        0x00000000   Number         0  libinit2.o ABSOLUTE
    ../clib/libinit.s                        0x00000000   Number         0  libinit.o ABSOLUTE
    ../clib/libinit.s                        0x00000000   Number         0  libshutdown.o ABSOLUTE
    ../clib/libinit.s                        0x00000000   Number         0  libshutdown2.o ABSOLUTE
    ../clib/memcpset.s                       0x00000000   Number         0  rt_memcpy_w.o ABSOLUTE
    ../clib/memcpset.s                       0x00000000   Number         0  rt_memclr_w.o ABSOLUTE
    ../clib/memcpset.s                       0x00000000   Number         0  rt_memcpy_v6.o ABSOLUTE
    ../clib/signal.c                         0x00000000   Number         0  defsig_rtmem_outer.o ABSOLUTE
    ../clib/signal.c                         0x00000000   Number         0  defsig_exit.o ABSOLUTE
    ../clib/signal.c                         0x00000000   Number         0  defsig_rtmem_inner.o ABSOLUTE
    ../clib/signal.c                         0x00000000   Number         0  __raise.o ABSOLUTE
    ../clib/signal.c                         0x00000000   Number         0  defsig_general.o ABSOLUTE
    ../clib/signal.c                         0x00000000   Number         0  defsig_abrt_inner.o ABSOLUTE
    ../clib/signal.c                         0x00000000   Number         0  defsig_rtmem_formal.o ABSOLUTE
    ../clib/signal.c                         0x00000000   Number         0  defsig_rtred_inner.o ABSOLUTE
    ../clib/signal.c                         0x00000000   Number         0  defsig_stak_inner.o ABSOLUTE
    ../clib/signal.c                         0x00000000   Number         0  defsig_pvfn_inner.o ABSOLUTE
    ../clib/signal.c                         0x00000000   Number         0  defsig_cppl_inner.o ABSOLUTE
    ../clib/signal.c                         0x00000000   Number         0  defsig_segv_inner.o ABSOLUTE
    ../clib/signal.c                         0x00000000   Number         0  defsig_fpe_inner.o ABSOLUTE
    ../clib/signal.c                         0x00000000   Number         0  defsig_other.o ABSOLUTE
    ../clib/signal.s                         0x00000000   Number         0  defsig.o ABSOLUTE
    ../clib/stdlib.c                         0x00000000   Number         0  exit.o ABSOLUTE
    ../clib/string.c                         0x00000000   Number         0  memcmp.o ABSOLUTE
    ../fplib/fpinit.s                        0x00000000   Number         0  fpinit.o ABSOLUTE
    ..\Application\hardware.c                0x00000000   Number         0  hardware.o ABSOLUTE
    ..\Application\main.c                    0x00000000   Number         0  main.o ABSOLUTE
    ..\Application\program.c                 0x00000000   Number         0  program.o ABSOLUTE
    ..\Application\program_protocol.c        0x00000000   Number         0  program_protocol.o ABSOLUTE
    ..\Application\soft_timer.c              0x00000000   Number         0  soft_timer.o ABSOLUTE
    ..\Drivers\board.c                       0x00000000   Number         0  board.o ABSOLUTE
    ..\Drivers\device_led.c                  0x00000000   Number         0  device_led.o ABSOLUTE
    ..\Drivers\device_usart.c                0x00000000   Number         0  device_usart.o ABSOLUTE
    ..\MM32L3xx\HAL_lib\src\HAL_crc.c        0x00000000   Number         0  hal_crc.o ABSOLUTE
    ..\MM32L3xx\HAL_lib\src\HAL_dma.c        0x00000000   Number         0  hal_dma.o ABSOLUTE
    ..\MM32L3xx\HAL_lib\src\HAL_exti.c       0x00000000   Number         0  hal_exti.o ABSOLUTE
    ..\MM32L3xx\HAL_lib\src\HAL_flash.c      0x00000000   Number         0  hal_flash.o ABSOLUTE
    ..\MM32L3xx\HAL_lib\src\HAL_gpio.c       0x00000000   Number         0  hal_gpio.o ABSOLUTE
    ..\MM32L3xx\HAL_lib\src\HAL_iwdg.c       0x00000000   Number         0  hal_iwdg.o ABSOLUTE
    ..\MM32L3xx\HAL_lib\src\HAL_misc.c       0x00000000   Number         0  hal_misc.o ABSOLUTE
    ..\MM32L3xx\HAL_lib\src\HAL_pwr.c        0x00000000   Number         0  hal_pwr.o ABSOLUTE
    ..\MM32L3xx\HAL_lib\src\HAL_rcc.c        0x00000000   Number         0  hal_rcc.o ABSOLUTE
    ..\MM32L3xx\HAL_lib\src\HAL_uart.c       0x00000000   Number         0  hal_uart.o ABSOLUTE
    ..\MM32L3xx\HAL_lib\src\HAL_wwdg.c       0x00000000   Number         0  hal_wwdg.o ABSOLUTE
    ..\MM32L3xx\Source\KEIL_StartAsm\startup_MM32L3xx.s 0x00000000   Number         0  startup_mm32l3xx.o ABSOLUTE
    ..\MM32L3xx\Source\system_MM32L3xx.c     0x00000000   Number         0  system_mm32l3xx.o ABSOLUTE
    ..\\Application\\hardware.c              0x00000000   Number         0  hardware.o ABSOLUTE
    ..\\Drivers\\board.c                     0x00000000   Number         0  board.o ABSOLUTE
    ..\\Drivers\\device_led.c                0x00000000   Number         0  device_led.o ABSOLUTE
    ..\\Drivers\\device_usart.c              0x00000000   Number         0  device_usart.o ABSOLUTE
    ..\\MM32L3xx\\HAL_lib\\src\\HAL_crc.c    0x00000000   Number         0  hal_crc.o ABSOLUTE
    ..\\MM32L3xx\\HAL_lib\\src\\HAL_dma.c    0x00000000   Number         0  hal_dma.o ABSOLUTE
    ..\\MM32L3xx\\HAL_lib\\src\\HAL_exti.c   0x00000000   Number         0  hal_exti.o ABSOLUTE
    ..\\MM32L3xx\\HAL_lib\\src\\HAL_flash.c  0x00000000   Number         0  hal_flash.o ABSOLUTE
    ..\\MM32L3xx\\HAL_lib\\src\\HAL_gpio.c   0x00000000   Number         0  hal_gpio.o ABSOLUTE
    ..\\MM32L3xx\\HAL_lib\\src\\HAL_iwdg.c   0x00000000   Number         0  hal_iwdg.o ABSOLUTE
    ..\\MM32L3xx\\HAL_lib\\src\\HAL_misc.c   0x00000000   Number         0  hal_misc.o ABSOLUTE
    ..\\MM32L3xx\\HAL_lib\\src\\HAL_pwr.c    0x00000000   Number         0  hal_pwr.o ABSOLUTE
    ..\\MM32L3xx\\HAL_lib\\src\\HAL_rcc.c    0x00000000   Number         0  hal_rcc.o ABSOLUTE
    ..\\MM32L3xx\\HAL_lib\\src\\HAL_uart.c   0x00000000   Number         0  hal_uart.o ABSOLUTE
    ..\\MM32L3xx\\HAL_lib\\src\\HAL_wwdg.c   0x00000000   Number         0  hal_wwdg.o ABSOLUTE
    ..\\MM32L3xx\\Source\\system_MM32L3xx.c  0x00000000   Number         0  system_mm32l3xx.o ABSOLUTE
    ..\cortexM3\context.s                    0x00000000   Number         0  context.o ABSOLUTE
    dc.s                                     0x00000000   Number         0  dc.o ABSOLUTE
    RESET                                    0x08000000   Section      244  startup_mm32l3xx.o(RESET)
    !!!main                                  0x080000f4   Section        8  __main.o(!!!main)
    !!!scatter                               0x080000fc   Section       52  __scatter.o(!!!scatter)
    !!handler_copy                           0x08000130   Section       26  __scatter_copy.o(!!handler_copy)
    !!handler_zi                             0x0800014c   Section       28  __scatter_zi.o(!!handler_zi)
    .ARM.Collect$$libinit$$00000000          0x08000168   Section        2  libinit.o(.ARM.Collect$$libinit$$00000000)
    .ARM.Collect$$libinit$$00000002          0x0800016a   Section        0  libinit2.o(.ARM.Collect$$libinit$$00000002)
    .ARM.Collect$$libinit$$00000004          0x0800016a   Section        0  libinit2.o(.ARM.Collect$$libinit$$00000004)
    .ARM.Collect$$libinit$$0000000A          0x0800016a   Section        0  libinit2.o(.ARM.Collect$$libinit$$0000000A)
    .ARM.Collect$$libinit$$0000000C          0x0800016a   Section        0  libinit2.o(.ARM.Collect$$libinit$$0000000C)
    .ARM.Collect$$libinit$$0000000E          0x0800016a   Section        0  libinit2.o(.ARM.Collect$$libinit$$0000000E)
    .ARM.Collect$$libinit$$00000011          0x0800016a   Section        0  libinit2.o(.ARM.Collect$$libinit$$00000011)
    .ARM.Collect$$libinit$$00000013          0x0800016a   Section        0  libinit2.o(.ARM.Collect$$libinit$$00000013)
    .ARM.Collect$$libinit$$00000015          0x0800016a   Section        0  libinit2.o(.ARM.Collect$$libinit$$00000015)
    .ARM.Collect$$libinit$$00000017          0x0800016a   Section        0  libinit2.o(.ARM.Collect$$libinit$$00000017)
    .ARM.Collect$$libinit$$00000019          0x0800016a   Section        0  libinit2.o(.ARM.Collect$$libinit$$00000019)
    .ARM.Collect$$libinit$$0000001B          0x0800016a   Section        0  libinit2.o(.ARM.Collect$$libinit$$0000001B)
    .ARM.Collect$$libinit$$0000001D          0x0800016a   Section        0  libinit2.o(.ARM.Collect$$libinit$$0000001D)
    .ARM.Collect$$libinit$$0000001F          0x0800016a   Section        0  libinit2.o(.ARM.Collect$$libinit$$0000001F)
    .ARM.Collect$$libinit$$00000021          0x0800016a   Section        0  libinit2.o(.ARM.Collect$$libinit$$00000021)
    .ARM.Collect$$libinit$$00000023          0x0800016a   Section        0  libinit2.o(.ARM.Collect$$libinit$$00000023)
    .ARM.Collect$$libinit$$00000025          0x0800016a   Section        0  libinit2.o(.ARM.Collect$$libinit$$00000025)
    .ARM.Collect$$libinit$$0000002C          0x0800016a   Section        0  libinit2.o(.ARM.Collect$$libinit$$0000002C)
    .ARM.Collect$$libinit$$0000002E          0x0800016a   Section        0  libinit2.o(.ARM.Collect$$libinit$$0000002E)
    .ARM.Collect$$libinit$$00000030          0x0800016a   Section        0  libinit2.o(.ARM.Collect$$libinit$$00000030)
    .ARM.Collect$$libinit$$00000032          0x0800016a   Section        0  libinit2.o(.ARM.Collect$$libinit$$00000032)
    .ARM.Collect$$libinit$$00000033          0x0800016a   Section        2  libinit2.o(.ARM.Collect$$libinit$$00000033)
    .ARM.Collect$$libshutdown$$00000000      0x0800016c   Section        2  libshutdown.o(.ARM.Collect$$libshutdown$$00000000)
    .ARM.Collect$$libshutdown$$00000002      0x0800016e   Section        0  libshutdown2.o(.ARM.Collect$$libshutdown$$00000002)
    .ARM.Collect$$libshutdown$$00000004      0x0800016e   Section        0  libshutdown2.o(.ARM.Collect$$libshutdown$$00000004)
    .ARM.Collect$$libshutdown$$00000007      0x0800016e   Section        0  libshutdown2.o(.ARM.Collect$$libshutdown$$00000007)
    .ARM.Collect$$libshutdown$$0000000A      0x0800016e   Section        0  libshutdown2.o(.ARM.Collect$$libshutdown$$0000000A)
    .ARM.Collect$$libshutdown$$0000000C      0x0800016e   Section        0  libshutdown2.o(.ARM.Collect$$libshutdown$$0000000C)
    .ARM.Collect$$libshutdown$$0000000F      0x0800016e   Section        0  libshutdown2.o(.ARM.Collect$$libshutdown$$0000000F)
    .ARM.Collect$$libshutdown$$00000010      0x0800016e   Section        2  libshutdown2.o(.ARM.Collect$$libshutdown$$00000010)
    .ARM.Collect$$rtentry$$00000000          0x08000170   Section        0  __rtentry.o(.ARM.Collect$$rtentry$$00000000)
    .ARM.Collect$$rtentry$$00000002          0x08000170   Section        0  __rtentry2.o(.ARM.Collect$$rtentry$$00000002)
    .ARM.Collect$$rtentry$$00000004          0x08000170   Section        6  __rtentry4.o(.ARM.Collect$$rtentry$$00000004)
    .ARM.Collect$$rtentry$$00000009          0x08000176   Section        0  __rtentry2.o(.ARM.Collect$$rtentry$$00000009)
    .ARM.Collect$$rtentry$$0000000A          0x08000176   Section        4  __rtentry2.o(.ARM.Collect$$rtentry$$0000000A)
    .ARM.Collect$$rtentry$$0000000C          0x0800017a   Section        0  __rtentry2.o(.ARM.Collect$$rtentry$$0000000C)
    .ARM.Collect$$rtentry$$0000000D          0x0800017a   Section        8  __rtentry2.o(.ARM.Collect$$rtentry$$0000000D)
    .ARM.Collect$$rtexit$$00000000           0x08000182   Section        2  rtexit.o(.ARM.Collect$$rtexit$$00000000)
    .ARM.Collect$$rtexit$$00000002           0x08000184   Section        0  rtexit2.o(.ARM.Collect$$rtexit$$00000002)
    .ARM.Collect$$rtexit$$00000003           0x08000184   Section        4  rtexit2.o(.ARM.Collect$$rtexit$$00000003)
    .ARM.Collect$$rtexit$$00000004           0x08000188   Section        6  rtexit2.o(.ARM.Collect$$rtexit$$00000004)
    .text                                    0x08000190   Section       64  startup_mm32l3xx.o(.text)
    .text                                    0x080001d0   Section       14  context.o(.text)
    .text                                    0x080001de   Section        0  memcmp.o(.text)
    .text                                    0x08000236   Section      138  rt_memcpy_v6.o(.text)
    .text                                    0x080002c0   Section      100  rt_memcpy_w.o(.text)
    .text                                    0x08000324   Section       78  rt_memclr_w.o(.text)
    .text                                    0x08000372   Section        0  heapauxi.o(.text)
    .text                                    0x08000378   Section       74  sys_stackheap_outer.o(.text)
    .text                                    0x080003c2   Section        0  exit.o(.text)
    .text                                    0x080003d4   Section        8  libspace.o(.text)
    .text                                    0x080003dc   Section        0  sys_exit.o(.text)
    .text                                    0x080003e8   Section        2  use_no_semi.o(.text)
    .text                                    0x080003ea   Section        0  indicate_semi.o(.text)
    i.CRC_CalcBlockCRC                       0x080003ec   Section        0  hal_crc.o(i.CRC_CalcBlockCRC)
    i.CRC_CalcCRC                            0x08000410   Section        0  hal_crc.o(i.CRC_CalcCRC)
    i.CRC_GetCRC                             0x0800042c   Section        0  hal_crc.o(i.CRC_GetCRC)
    i.CRC_ResetDR                            0x08000438   Section        0  hal_crc.o(i.CRC_ResetDR)
    i.FLASH_ErasePage                        0x08000444   Section        0  hal_flash.o(i.FLASH_ErasePage)
    i.FLASH_GetStatus                        0x08000494   Section        0  hal_flash.o(i.FLASH_GetStatus)
    i.FLASH_Lock                             0x080004c8   Section        0  hal_flash.o(i.FLASH_Lock)
    i.FLASH_ProgramWord                      0x080004dc   Section        0  hal_flash.o(i.FLASH_ProgramWord)
    i.FLASH_Unlock                           0x08000544   Section        0  hal_flash.o(i.FLASH_Unlock)
    i.FLASH_WaitForLastOperation             0x0800055c   Section        0  hal_flash.o(i.FLASH_WaitForLastOperation)
    i.GPIO_Init                              0x08000586   Section        0  hal_gpio.o(i.GPIO_Init)
    i.NVIC_Configuration                     0x0800069c   Section        0  board.o(i.NVIC_Configuration)
    i.NVIC_Init                              0x080006ac   Section        0  hal_misc.o(i.NVIC_Init)
    i.NVIC_SetVectorTable                    0x0800072c   Section        0  hal_misc.o(i.NVIC_SetVectorTable)
    i.RCC_AHBPeriphClockCmd                  0x08000740   Section        0  hal_rcc.o(i.RCC_AHBPeriphClockCmd)
    i.RCC_APB1PeriphClockCmd                 0x08000760   Section        0  hal_rcc.o(i.RCC_APB1PeriphClockCmd)
    i.RCC_APB2PeriphClockCmd                 0x08000780   Section        0  hal_rcc.o(i.RCC_APB2PeriphClockCmd)
    i.RCC_GetClocksFreq                      0x080007a0   Section        0  hal_rcc.o(i.RCC_GetClocksFreq)
    i.SetSysClock                            0x0800088c   Section        0  system_mm32l3xx.o(i.SetSysClock)
    SetSysClock                              0x0800088d   Thumb Code     8  system_mm32l3xx.o(i.SetSysClock)
    i.SetSysClockTo96_HSI                    0x08000894   Section        0  system_mm32l3xx.o(i.SetSysClockTo96_HSI)
    SetSysClockTo96_HSI                      0x08000895   Thumb Code   150  system_mm32l3xx.o(i.SetSysClockTo96_HSI)
    i.SysTick_Handler                        0x08000934   Section        0  board.o(i.SysTick_Handler)
    i.SystemInit                             0x0800093c   Section        0  system_mm32l3xx.o(i.SystemInit)
    i.UART3_IRQHandler                       0x080009a4   Section        0  device_usart.o(i.UART3_IRQHandler)
    i.UART_ClearITPendingBit                 0x08000a70   Section        0  hal_uart.o(i.UART_ClearITPendingBit)
    i.UART_Cmd                               0x08000a74   Section        0  hal_uart.o(i.UART_Cmd)
    i.UART_GetITStatus                       0x08000a8c   Section        0  hal_uart.o(i.UART_GetITStatus)
    i.UART_ITConfig                          0x08000a9e   Section        0  hal_uart.o(i.UART_ITConfig)
    i.UART_Init                              0x08000ab0   Section        0  hal_uart.o(i.UART_Init)
    i.UART_ReceiveData                       0x08000b20   Section        0  hal_uart.o(i.UART_ReceiveData)
    i.UART_SendData                          0x08000b28   Section        0  hal_uart.o(i.UART_SendData)
    i.bootarg_set                            0x08000b2e   Section        0  program.o(i.bootarg_set)
    bootarg_set                              0x08000b2f   Thumb Code     6  program.o(i.bootarg_set)
    i.checksum                               0x08000b34   Section        0  program_protocol.o(i.checksum)
    i.copy_to_runmem                         0x08000b4e   Section        0  hardware.o(i.copy_to_runmem)
    i.delay                                  0x08000b50   Section        0  hal_flash.o(i.delay)
    delay                                    0x08000b51   Thumb Code    26  hal_flash.o(i.delay)
    i.device_usart_init                      0x08000b6c   Section        0  device_usart.o(i.device_usart_init)
    i.erase_callback                         0x08000c14   Section        0  program.o(i.erase_callback)
    erase_callback                           0x08000c15   Thumb Code    28  program.o(i.erase_callback)
    i.hardware_init                          0x08000c30   Section        0  hardware.o(i.hardware_init)
    i.hw_board_init                          0x08000c3c   Section        0  board.o(i.hw_board_init)
    i.hw_led_init                            0x08000ca8   Section        0  device_led.o(i.hw_led_init)
    hw_led_init                              0x08000ca9   Thumb Code     2  device_led.o(i.hw_led_init)
    i.hw_resource_reset                      0x08000caa   Section        0  hardware.o(i.hw_resource_reset)
    hw_resource_reset                        0x08000cab   Thumb Code    18  hardware.o(i.hw_resource_reset)
    i.jmp_application                        0x08000cbc   Section        0  hardware.o(i.jmp_application)
    i.led_control                            0x08000cd2   Section        0  device_led.o(i.led_control)
    i.led_init                               0x08000cd4   Section        0  device_led.o(i.led_init)
    i.main                                   0x08000ce2   Section        0  main.o(i.main)
    i.memory_available                       0x08000d10   Section        0  program.o(i.memory_available)
    i.memory_crc32                           0x08000d88   Section        0  hardware.o(i.memory_crc32)
    i.memory_erase                           0x08000e2a   Section        0  hardware.o(i.memory_erase)
    i.memory_read                            0x08000e5e   Section        0  hardware.o(i.memory_read)
    i.memory_write                           0x08000e78   Section        0  hardware.o(i.memory_write)
    i.program_application_strtup_address     0x08000ea4   Section        0  program.o(i.program_application_strtup_address)
    i.program_bootarg                        0x08000eac   Section        0  program_protocol.o(i.program_bootarg)
    program_bootarg                          0x08000ead   Thumb Code    52  program_protocol.o(i.program_bootarg)
    i.program_callback                       0x08000ee4   Section        0  program.o(i.program_callback)
    program_callback                         0x08000ee5   Thumb Code    32  program.o(i.program_callback)
    i.program_erase                          0x08000f04   Section        0  program_protocol.o(i.program_erase)
    program_erase                            0x08000f05   Thumb Code   194  program_protocol.o(i.program_erase)
    i.program_init                           0x08000fd4   Section        0  program.o(i.program_init)
    i.program_probe                          0x08000ff0   Section        0  program_protocol.o(i.program_probe)
    program_probe                            0x08000ff1   Thumb Code    30  program_protocol.o(i.program_probe)
    i.program_probe_stream                   0x08001014   Section        0  program_protocol.o(i.program_probe_stream)
    program_probe_stream                     0x08001015   Thumb Code   174  program_protocol.o(i.program_probe_stream)
    i.program_program                        0x08001128   Section        0  program_protocol.o(i.program_program)
    program_program                          0x08001129   Thumb Code   198  program_protocol.o(i.program_program)
    i.program_protocol                       0x080011fc   Section        0  program_protocol.o(i.program_protocol)
    program_protocol                         0x080011fd   Thumb Code   252  program_protocol.o(i.program_protocol)
    i.program_protocol_callback_config       0x08001304   Section        0  program_protocol.o(i.program_protocol_callback_config)
    i.program_protocol_handler               0x08001318   Section        0  program_protocol.o(i.program_protocol_handler)
    i.program_protocol_init                  0x08001370   Section        0  program_protocol.o(i.program_protocol_init)
    i.program_read                           0x0800139c   Section        0  program_protocol.o(i.program_read)
    program_read                             0x0800139d   Thumb Code   200  program_protocol.o(i.program_read)
    i.program_read_infomation                0x08001470   Section        0  program_protocol.o(i.program_read_infomation)
    program_read_infomation                  0x08001471   Thumb Code   326  program_protocol.o(i.program_read_infomation)
    i.program_startup                        0x080015c4   Section        0  program_protocol.o(i.program_startup)
    program_startup                          0x080015c5   Thumb Code    40  program_protocol.o(i.program_startup)
    i.program_std_return                     0x080015f0   Section        0  program_protocol.o(i.program_std_return)
    program_std_return                       0x080015f1   Thumb Code    48  program_protocol.o(i.program_std_return)
    i.program_timeout                        0x08001624   Section        0  program_protocol.o(i.program_timeout)
    program_timeout                          0x08001625   Thumb Code    18  program_protocol.o(i.program_timeout)
    i.program_verif                          0x0800163c   Section        0  program_protocol.o(i.program_verif)
    program_verif                            0x0800163d   Thumb Code   222  program_protocol.o(i.program_verif)
    i.read_callback                          0x08001728   Section        0  program.o(i.read_callback)
    read_callback                            0x08001729   Thumb Code    50  program.o(i.read_callback)
    i.read_infomation_callback               0x0800175c   Section        0  program.o(i.read_infomation_callback)
    read_infomation_callback                 0x0800175d   Thumb Code    14  program.o(i.read_infomation_callback)
    i.soft_timer_check                       0x08001770   Section        0  soft_timer.o(i.soft_timer_check)
    i.soft_timer_handler                     0x080017b4   Section        0  soft_timer.o(i.soft_timer_handler)
    i.soft_timer_init                        0x08001808   Section        0  soft_timer.o(i.soft_timer_init)
    i.soft_timer_start                       0x08001818   Section        0  soft_timer.o(i.soft_timer_start)
    i.soft_timer_stop                        0x08001850   Section        0  soft_timer.o(i.soft_timer_stop)
    i.startup_application_callback           0x08001878   Section        0  program.o(i.startup_application_callback)
    startup_application_callback             0x08001879   Thumb Code    72  program.o(i.startup_application_callback)
    i.usart_poll                             0x080018c8   Section        0  device_usart.o(i.usart_poll)
    i.usart_read                             0x080018ec   Section        0  device_usart.o(i.usart_read)
    i.usart_recv_timeout                     0x08001920   Section        0  device_usart.o(i.usart_recv_timeout)
    i.usart_send                             0x0800192c   Section        0  device_usart.o(i.usart_send)
    i.usart_status_clear                     0x08001974   Section        0  device_usart.o(i.usart_status_clear)
    i.usart_status_get                       0x08001984   Section        0  device_usart.o(i.usart_status_get)
    i.usart_status_set                       0x08001994   Section        0  device_usart.o(i.usart_status_set)
    i.verif_callback                         0x080019a4   Section        0  program.o(i.verif_callback)
    verif_callback                           0x080019a5   Thumb Code    26  program.o(i.verif_callback)
    .constdata                               0x080019c0   Section       52  program.o(.constdata)
    .data                                    0x20000000   Section        2  program_protocol.o(.data)
    .data                                    0x20000002   Section        1  program.o(.data)
    program_memory_type                      0x20000002   Data           1  program.o(.data)
    .data                                    0x20000004   Section        8  device_usart.o(.data)
    usart_status                             0x20000004   Data           1  device_usart.o(.data)
    usart_recv_count                         0x20000006   Data           2  device_usart.o(.data)
    usart_send_count                         0x20000008   Data           2  device_usart.o(.data)
    usart_send_length                        0x2000000a   Data           2  device_usart.o(.data)
    .data                                    0x2000000c   Section       20  hal_rcc.o(.data)
    APBAHBPrescTable                         0x2000000c   Data          16  hal_rcc.o(.data)
    ADCPrescTable                            0x2000001c   Data           4  hal_rcc.o(.data)
    .data                                    0x20000020   Section       20  system_mm32l3xx.o(.data)
    .bss                                     0x20000034   Section     2588  program_protocol.o(.bss)
    protocal_recv_buffer                     0x20000034   Data        1280  program_protocol.o(.bss)
    protocal_send_buffer                     0x20000534   Data        1280  program_protocol.o(.bss)
    program_protol_callback                  0x20000a34   Data          28  program_protocol.o(.bss)
    .bss                                     0x20000a50   Section       48  soft_timer.o(.bss)
    soft_timer_pool                          0x20000a50   Data          48  soft_timer.o(.bss)
    .bss                                     0x20000a80   Section     2048  device_usart.o(.bss)
    usart_send_buff                          0x20000a80   Data        1024  device_usart.o(.bss)
    usart_recv_buff                          0x20000e80   Data        1024  device_usart.o(.bss)
    .bss                                     0x20001280   Section       96  libspace.o(.bss)
    HEAP                                     0x200012e0   Section      512  startup_mm32l3xx.o(HEAP)
    Heap_Mem                                 0x200012e0   Data         512  startup_mm32l3xx.o(HEAP)
    STACK                                    0x200014e0   Section     1024  startup_mm32l3xx.o(STACK)
    Stack_Mem                                0x200014e0   Data        1024  startup_mm32l3xx.o(STACK)
    __initial_sp                             0x200018e0   Data           0  startup_mm32l3xx.o(STACK)

    Global Symbols

    Symbol Name                              Value     Ov Type        Size  Object(Section)

    BuildAttributes$$THM_ISAv4$P$D$K$B$S$PE$A:L22UL41UL21$X:L11$S22US41US21$IEEE1$IW$USESV6$~STKCKD$USESV7$~SHL$OSPACE$ROPI$EBA8$UX$STANDARDLIB$REQ8$PRES8$EABIv2 0x00000000   Number         0  anon$$obj.o ABSOLUTE
    __ARM_use_no_argv                        0x00000000   Number         0  main.o ABSOLUTE
    __ARM_exceptions_init                     - Undefined Weak Reference
    __alloca_initialize                       - Undefined Weak Reference
    __arm_preinit_                            - Undefined Weak Reference
    __cpp_initialize__aeabi_                  - Undefined Weak Reference
    __cxa_finalize                            - Undefined Weak Reference
    __rt_locale                               - Undefined Weak Reference
    __sigvec_lookup                           - Undefined Weak Reference
    _atexit_init                              - Undefined Weak Reference
    _call_atexit_fns                          - Undefined Weak Reference
    _clock_init                               - Undefined Weak Reference
    _fp_trap_init                             - Undefined Weak Reference
    _fp_trap_shutdown                         - Undefined Weak Reference
    _get_lc_collate                           - Undefined Weak Reference
    _get_lc_ctype                             - Undefined Weak Reference
    _get_lc_monetary                          - Undefined Weak Reference
    _get_lc_numeric                           - Undefined Weak Reference
    _get_lc_time                              - Undefined Weak Reference
    _getenv_init                              - Undefined Weak Reference
    _handle_redirection                       - Undefined Weak Reference
    _init_alloc                               - Undefined Weak Reference
    _init_user_alloc                          - Undefined Weak Reference
    _initio                                   - Undefined Weak Reference
    _rand_init                                - Undefined Weak Reference
    _signal_finish                            - Undefined Weak Reference
    _signal_init                              - Undefined Weak Reference
    _terminate_alloc                          - Undefined Weak Reference
    _terminate_user_alloc                     - Undefined Weak Reference
    _terminateio                              - Undefined Weak Reference
    __Vectors_Size                           0x000000f4   Number         0  startup_mm32l3xx.o ABSOLUTE
    __Vectors                                0x08000000   Data           4  startup_mm32l3xx.o(RESET)
    __Vectors_End                            0x080000f4   Data           0  startup_mm32l3xx.o(RESET)
    __main                                   0x080000f5   Thumb Code     8  __main.o(!!!main)
    __scatterload                            0x080000fd   Thumb Code     0  __scatter.o(!!!scatter)
    __scatterload_rt2                        0x080000fd   Thumb Code    44  __scatter.o(!!!scatter)
    __scatterload_rt2_thumb_only             0x080000fd   Thumb Code     0  __scatter.o(!!!scatter)
    __scatterload_null                       0x0800010b   Thumb Code     0  __scatter.o(!!!scatter)
    __scatterload_copy                       0x08000131   Thumb Code    26  __scatter_copy.o(!!handler_copy)
    __scatterload_zeroinit                   0x0800014d   Thumb Code    28  __scatter_zi.o(!!handler_zi)
    __rt_lib_init                            0x08000169   Thumb Code     0  libinit.o(.ARM.Collect$$libinit$$00000000)
    __rt_lib_init_alloca_1                   0x0800016b   Thumb Code     0  libinit2.o(.ARM.Collect$$libinit$$0000002E)
    __rt_lib_init_argv_1                     0x0800016b   Thumb Code     0  libinit2.o(.ARM.Collect$$libinit$$0000002C)
    __rt_lib_init_atexit_1                   0x0800016b   Thumb Code     0  libinit2.o(.ARM.Collect$$libinit$$0000001B)
    __rt_lib_init_clock_1                    0x0800016b   Thumb Code     0  libinit2.o(.ARM.Collect$$libinit$$00000021)
    __rt_lib_init_cpp_1                      0x0800016b   Thumb Code     0  libinit2.o(.ARM.Collect$$libinit$$00000032)
    __rt_lib_init_exceptions_1               0x0800016b   Thumb Code     0  libinit2.o(.ARM.Collect$$libinit$$00000030)
    __rt_lib_init_fp_1                       0x0800016b   Thumb Code     0  libinit2.o(.ARM.Collect$$libinit$$00000002)
    __rt_lib_init_fp_trap_1                  0x0800016b   Thumb Code     0  libinit2.o(.ARM.Collect$$libinit$$0000001F)
    __rt_lib_init_getenv_1                   0x0800016b   Thumb Code     0  libinit2.o(.ARM.Collect$$libinit$$00000023)
    __rt_lib_init_heap_1                     0x0800016b   Thumb Code     0  libinit2.o(.ARM.Collect$$libinit$$0000000A)
    __rt_lib_init_lc_collate_1               0x0800016b   Thumb Code     0  libinit2.o(.ARM.Collect$$libinit$$00000011)
    __rt_lib_init_lc_ctype_1                 0x0800016b   Thumb Code     0  libinit2.o(.ARM.Collect$$libinit$$00000013)
    __rt_lib_init_lc_monetary_1              0x0800016b   Thumb Code     0  libinit2.o(.ARM.Collect$$libinit$$00000015)
    __rt_lib_init_lc_numeric_1               0x0800016b   Thumb Code     0  libinit2.o(.ARM.Collect$$libinit$$00000017)
    __rt_lib_init_lc_time_1                  0x0800016b   Thumb Code     0  libinit2.o(.ARM.Collect$$libinit$$00000019)
    __rt_lib_init_preinit_1                  0x0800016b   Thumb Code     0  libinit2.o(.ARM.Collect$$libinit$$00000004)
    __rt_lib_init_rand_1                     0x0800016b   Thumb Code     0  libinit2.o(.ARM.Collect$$libinit$$0000000E)
    __rt_lib_init_return                     0x0800016b   Thumb Code     0  libinit2.o(.ARM.Collect$$libinit$$00000033)
    __rt_lib_init_signal_1                   0x0800016b   Thumb Code     0  libinit2.o(.ARM.Collect$$libinit$$0000001D)
    __rt_lib_init_stdio_1                    0x0800016b   Thumb Code     0  libinit2.o(.ARM.Collect$$libinit$$00000025)
    __rt_lib_init_user_alloc_1               0x0800016b   Thumb Code     0  libinit2.o(.ARM.Collect$$libinit$$0000000C)
    __rt_lib_shutdown                        0x0800016d   Thumb Code     0  libshutdown.o(.ARM.Collect$$libshutdown$$00000000)
    __rt_lib_shutdown_cpp_1                  0x0800016f   Thumb Code     0  libshutdown2.o(.ARM.Collect$$libshutdown$$00000002)
    __rt_lib_shutdown_fp_trap_1              0x0800016f   Thumb Code     0  libshutdown2.o(.ARM.Collect$$libshutdown$$00000007)
    __rt_lib_shutdown_heap_1                 0x0800016f   Thumb Code     0  libshutdown2.o(.ARM.Collect$$libshutdown$$0000000F)
    __rt_lib_shutdown_return                 0x0800016f   Thumb Code     0  libshutdown2.o(.ARM.Collect$$libshutdown$$00000010)
    __rt_lib_shutdown_signal_1               0x0800016f   Thumb Code     0  libshutdown2.o(.ARM.Collect$$libshutdown$$0000000A)
    __rt_lib_shutdown_stdio_1                0x0800016f   Thumb Code     0  libshutdown2.o(.ARM.Collect$$libshutdown$$00000004)
    __rt_lib_shutdown_user_alloc_1           0x0800016f   Thumb Code     0  libshutdown2.o(.ARM.Collect$$libshutdown$$0000000C)
    __rt_entry                               0x08000171   Thumb Code     0  __rtentry.o(.ARM.Collect$$rtentry$$00000000)
    __rt_entry_presh_1                       0x08000171   Thumb Code     0  __rtentry2.o(.ARM.Collect$$rtentry$$00000002)
    __rt_entry_sh                            0x08000171   Thumb Code     0  __rtentry4.o(.ARM.Collect$$rtentry$$00000004)
    __rt_entry_li                            0x08000177   Thumb Code     0  __rtentry2.o(.ARM.Collect$$rtentry$$0000000A)
    __rt_entry_postsh_1                      0x08000177   Thumb Code     0  __rtentry2.o(.ARM.Collect$$rtentry$$00000009)
    __rt_entry_main                          0x0800017b   Thumb Code     0  __rtentry2.o(.ARM.Collect$$rtentry$$0000000D)
    __rt_entry_postli_1                      0x0800017b   Thumb Code     0  __rtentry2.o(.ARM.Collect$$rtentry$$0000000C)
    __rt_exit                                0x08000183   Thumb Code     0  rtexit.o(.ARM.Collect$$rtexit$$00000000)
    __rt_exit_ls                             0x08000185   Thumb Code     0  rtexit2.o(.ARM.Collect$$rtexit$$00000003)
    __rt_exit_prels_1                        0x08000185   Thumb Code     0  rtexit2.o(.ARM.Collect$$rtexit$$00000002)
    __rt_exit_exit                           0x08000189   Thumb Code     0  rtexit2.o(.ARM.Collect$$rtexit$$00000004)
    Reset_Handler                            0x08000191   Thumb Code     8  startup_mm32l3xx.o(.text)
    NMI_Handler                              0x08000199   Thumb Code     2  startup_mm32l3xx.o(.text)
    HardFault_Handler                        0x0800019b   Thumb Code     2  startup_mm32l3xx.o(.text)
    MemManage_Handler                        0x0800019d   Thumb Code     2  startup_mm32l3xx.o(.text)
    BusFault_Handler                         0x0800019f   Thumb Code     2  startup_mm32l3xx.o(.text)
    UsageFault_Handler                       0x080001a1   Thumb Code     2  startup_mm32l3xx.o(.text)
    SVC_Handler                              0x080001a3   Thumb Code     2  startup_mm32l3xx.o(.text)
    DebugMon_Handler                         0x080001a5   Thumb Code     2  startup_mm32l3xx.o(.text)
    PendSV_Handler                           0x080001a7   Thumb Code     2  startup_mm32l3xx.o(.text)
    ADC1_2_IRQHandler                        0x080001ab   Thumb Code     0  startup_mm32l3xx.o(.text)
    CAN1_RX1_IRQHandler                      0x080001ab   Thumb Code     0  startup_mm32l3xx.o(.text)
    CAN1_SCE_IRQHandler                      0x080001ab   Thumb Code     0  startup_mm32l3xx.o(.text)
    CPT1_IRQHandler                          0x080001ab   Thumb Code     0  startup_mm32l3xx.o(.text)
    CPT2_IRQHandler                          0x080001ab   Thumb Code     0  startup_mm32l3xx.o(.text)
    DMA1_Channel1_IRQHandler                 0x080001ab   Thumb Code     0  startup_mm32l3xx.o(.text)
    DMA1_Channel2_IRQHandler                 0x080001ab   Thumb Code     0  startup_mm32l3xx.o(.text)
    DMA1_Channel3_IRQHandler                 0x080001ab   Thumb Code     0  startup_mm32l3xx.o(.text)
    DMA1_Channel4_IRQHandler                 0x080001ab   Thumb Code     0  startup_mm32l3xx.o(.text)
    DMA1_Channel5_IRQHandler                 0x080001ab   Thumb Code     0  startup_mm32l3xx.o(.text)
    DMA1_Channel6_IRQHandler                 0x080001ab   Thumb Code     0  startup_mm32l3xx.o(.text)
    DMA1_Channel7_IRQHandler                 0x080001ab   Thumb Code     0  startup_mm32l3xx.o(.text)
    EXTI0_IRQHandler                         0x080001ab   Thumb Code     0  startup_mm32l3xx.o(.text)
    EXTI15_10_IRQHandler                     0x080001ab   Thumb Code     0  startup_mm32l3xx.o(.text)
    EXTI1_IRQHandler                         0x080001ab   Thumb Code     0  startup_mm32l3xx.o(.text)
    EXTI2_IRQHandler                         0x080001ab   Thumb Code     0  startup_mm32l3xx.o(.text)
    EXTI3_IRQHandler                         0x080001ab   Thumb Code     0  startup_mm32l3xx.o(.text)
    EXTI4_IRQHandler                         0x080001ab   Thumb Code     0  startup_mm32l3xx.o(.text)
    EXTI9_5_IRQHandler                       0x080001ab   Thumb Code     0  startup_mm32l3xx.o(.text)
    FLASH_IRQHandler                         0x080001ab   Thumb Code     0  startup_mm32l3xx.o(.text)
    I2C1_ER_IRQHandler                       0x080001ab   Thumb Code     0  startup_mm32l3xx.o(.text)
    I2C1_EV_IRQHandler                       0x080001ab   Thumb Code     0  startup_mm32l3xx.o(.text)
    I2C2_ER_IRQHandler                       0x080001ab   Thumb Code     0  startup_mm32l3xx.o(.text)
    I2C2_EV_IRQHandler                       0x080001ab   Thumb Code     0  startup_mm32l3xx.o(.text)
    PVD_IRQHandler                           0x080001ab   Thumb Code     0  startup_mm32l3xx.o(.text)
    RCC_IRQHandler                           0x080001ab   Thumb Code     0  startup_mm32l3xx.o(.text)
    RTCAlarm_IRQHandler                      0x080001ab   Thumb Code     0  startup_mm32l3xx.o(.text)
    RTC_IRQHandler                           0x080001ab   Thumb Code     0  startup_mm32l3xx.o(.text)
    SPI1_IRQHandler                          0x080001ab   Thumb Code     0  startup_mm32l3xx.o(.text)
    SPI2_IRQHandler                          0x080001ab   Thumb Code     0  startup_mm32l3xx.o(.text)
    TAMPER_IRQHandler                        0x080001ab   Thumb Code     0  startup_mm32l3xx.o(.text)
    TIM1_BRK_IRQHandler                      0x080001ab   Thumb Code     0  startup_mm32l3xx.o(.text)
    TIM1_CC_IRQHandler                       0x080001ab   Thumb Code     0  startup_mm32l3xx.o(.text)
    TIM1_TRG_COM_IRQHandler                  0x080001ab   Thumb Code     0  startup_mm32l3xx.o(.text)
    TIM1_UP_IRQHandler                       0x080001ab   Thumb Code     0  startup_mm32l3xx.o(.text)
    TIM2_IRQHandler                          0x080001ab   Thumb Code     0  startup_mm32l3xx.o(.text)
    TIM3_IRQHandler                          0x080001ab   Thumb Code     0  startup_mm32l3xx.o(.text)
    TIM4_IRQHandler                          0x080001ab   Thumb Code     0  startup_mm32l3xx.o(.text)
    UART1_IRQHandler                         0x080001ab   Thumb Code     0  startup_mm32l3xx.o(.text)
    UART2_IRQHandler                         0x080001ab   Thumb Code     0  startup_mm32l3xx.o(.text)
    USBWakeUp_IRQHandler                     0x080001ab   Thumb Code     0  startup_mm32l3xx.o(.text)
    USB_HP_CAN1_TX_IRQHandler                0x080001ab   Thumb Code     0  startup_mm32l3xx.o(.text)
    USB_LP_CAN1_RX0_IRQHandler               0x080001ab   Thumb Code     0  startup_mm32l3xx.o(.text)
    WWDG_IRQHandler                          0x080001ab   Thumb Code     0  startup_mm32l3xx.o(.text)
    __user_initial_stackheap                 0x080001ad   Thumb Code     0  startup_mm32l3xx.o(.text)
    hw_interrupt_disable                     0x080001d1   Thumb Code     8  context.o(.text)
    hw_interrupt_enable                      0x080001d9   Thumb Code     6  context.o(.text)
    memcmp                                   0x080001df   Thumb Code    88  memcmp.o(.text)
    __aeabi_memcpy                           0x08000237   Thumb Code     0  rt_memcpy_v6.o(.text)
    __rt_memcpy                              0x08000237   Thumb Code   138  rt_memcpy_v6.o(.text)
    _memcpy_lastbytes                        0x0800029d   Thumb Code     0  rt_memcpy_v6.o(.text)
    __aeabi_memcpy4                          0x080002c1   Thumb Code     0  rt_memcpy_w.o(.text)
    __aeabi_memcpy8                          0x080002c1   Thumb Code     0  rt_memcpy_w.o(.text)
    __rt_memcpy_w                            0x080002c1   Thumb Code   100  rt_memcpy_w.o(.text)
    _memcpy_lastbytes_aligned                0x08000309   Thumb Code     0  rt_memcpy_w.o(.text)
    __aeabi_memclr4                          0x08000325   Thumb Code     0  rt_memclr_w.o(.text)
    __aeabi_memclr8                          0x08000325   Thumb Code     0  rt_memclr_w.o(.text)
    __rt_memclr_w                            0x08000325   Thumb Code    78  rt_memclr_w.o(.text)
    _memset_w                                0x08000329   Thumb Code     0  rt_memclr_w.o(.text)
    __use_two_region_memory                  0x08000373   Thumb Code     2  heapauxi.o(.text)
    __rt_heap_escrow$2region                 0x08000375   Thumb Code     2  heapauxi.o(.text)
    __rt_heap_expand$2region                 0x08000377   Thumb Code     2  heapauxi.o(.text)
    __user_setup_stackheap                   0x08000379   Thumb Code    74  sys_stackheap_outer.o(.text)
    exit                                     0x080003c3   Thumb Code    18  exit.o(.text)
    __user_libspace                          0x080003d5   Thumb Code     8  libspace.o(.text)
    __user_perproc_libspace                  0x080003d5   Thumb Code     0  libspace.o(.text)
    __user_perthread_libspace                0x080003d5   Thumb Code     0  libspace.o(.text)
    _sys_exit                                0x080003dd   Thumb Code     8  sys_exit.o(.text)
    __I$use$semihosting                      0x080003e9   Thumb Code     0  use_no_semi.o(.text)
    __use_no_semihosting_swi                 0x080003e9   Thumb Code     2  use_no_semi.o(.text)
    __semihosting_library_function           0x080003eb   Thumb Code     0  indicate_semi.o(.text)
    CRC_CalcBlockCRC                         0x080003ed   Thumb Code    32  hal_crc.o(i.CRC_CalcBlockCRC)
    CRC_CalcCRC                              0x08000411   Thumb Code    22  hal_crc.o(i.CRC_CalcCRC)
    CRC_GetCRC                               0x0800042d   Thumb Code     6  hal_crc.o(i.CRC_GetCRC)
    CRC_ResetDR                              0x08000439   Thumb Code     8  hal_crc.o(i.CRC_ResetDR)
    FLASH_ErasePage                          0x08000445   Thumb Code    76  hal_flash.o(i.FLASH_ErasePage)
    FLASH_GetStatus                          0x08000495   Thumb Code    48  hal_flash.o(i.FLASH_GetStatus)
    FLASH_Lock                               0x080004c9   Thumb Code    14  hal_flash.o(i.FLASH_Lock)
    FLASH_ProgramWord                        0x080004dd   Thumb Code   100  hal_flash.o(i.FLASH_ProgramWord)
    FLASH_Unlock                             0x08000545   Thumb Code    12  hal_flash.o(i.FLASH_Unlock)
    FLASH_WaitForLastOperation               0x0800055d   Thumb Code    42  hal_flash.o(i.FLASH_WaitForLastOperation)
    GPIO_Init                                0x08000587   Thumb Code   278  hal_gpio.o(i.GPIO_Init)
    NVIC_Configuration                       0x0800069d   Thumb Code    14  board.o(i.NVIC_Configuration)
    NVIC_Init                                0x080006ad   Thumb Code   114  hal_misc.o(i.NVIC_Init)
    NVIC_SetVectorTable                      0x0800072d   Thumb Code    12  hal_misc.o(i.NVIC_SetVectorTable)
    RCC_AHBPeriphClockCmd                    0x08000741   Thumb Code    26  hal_rcc.o(i.RCC_AHBPeriphClockCmd)
    RCC_APB1PeriphClockCmd                   0x08000761   Thumb Code    26  hal_rcc.o(i.RCC_APB1PeriphClockCmd)
    RCC_APB2PeriphClockCmd                   0x08000781   Thumb Code    26  hal_rcc.o(i.RCC_APB2PeriphClockCmd)
    RCC_GetClocksFreq                        0x080007a1   Thumb Code   212  hal_rcc.o(i.RCC_GetClocksFreq)
    SysTick_Handler                          0x08000935   Thumb Code     8  board.o(i.SysTick_Handler)
    SystemInit                               0x0800093d   Thumb Code    88  system_mm32l3xx.o(i.SystemInit)
    UART3_IRQHandler                         0x080009a5   Thumb Code   178  device_usart.o(i.UART3_IRQHandler)
    UART_ClearITPendingBit                   0x08000a71   Thumb Code     4  hal_uart.o(i.UART_ClearITPendingBit)
    UART_Cmd                                 0x08000a75   Thumb Code    24  hal_uart.o(i.UART_Cmd)
    UART_GetITStatus                         0x08000a8d   Thumb Code    18  hal_uart.o(i.UART_GetITStatus)
    UART_ITConfig                            0x08000a9f   Thumb Code    18  hal_uart.o(i.UART_ITConfig)
    UART_Init                                0x08000ab1   Thumb Code   108  hal_uart.o(i.UART_Init)
    UART_ReceiveData                         0x08000b21   Thumb Code     8  hal_uart.o(i.UART_ReceiveData)
    UART_SendData                            0x08000b29   Thumb Code     6  hal_uart.o(i.UART_SendData)
    checksum                                 0x08000b35   Thumb Code    26  program_protocol.o(i.checksum)
    copy_to_runmem                           0x08000b4f   Thumb Code     2  hardware.o(i.copy_to_runmem)
    device_usart_init                        0x08000b6d   Thumb Code   160  device_usart.o(i.device_usart_init)
    hardware_init                            0x08000c31   Thumb Code    12  hardware.o(i.hardware_init)
    hw_board_init                            0x08000c3d   Thumb Code    94  board.o(i.hw_board_init)
    jmp_application                          0x08000cbd   Thumb Code    22  hardware.o(i.jmp_application)
    led_control                              0x08000cd3   Thumb Code     2  device_led.o(i.led_control)
    led_init                                 0x08000cd5   Thumb Code    14  device_led.o(i.led_init)
    main                                     0x08000ce3   Thumb Code    44  main.o(i.main)
    memory_available                         0x08000d11   Thumb Code   116  program.o(i.memory_available)
    memory_crc32                             0x08000d89   Thumb Code   162  hardware.o(i.memory_crc32)
    memory_erase                             0x08000e2b   Thumb Code    52  hardware.o(i.memory_erase)
    memory_read                              0x08000e5f   Thumb Code    26  hardware.o(i.memory_read)
    memory_write                             0x08000e79   Thumb Code    44  hardware.o(i.memory_write)
    program_application_strtup_address       0x08000ea5   Thumb Code     4  program.o(i.program_application_strtup_address)
    program_init                             0x08000fd5   Thumb Code    20  program.o(i.program_init)
    program_protocol_callback_config         0x08001305   Thumb Code    16  program_protocol.o(i.program_protocol_callback_config)
    program_protocol_handler                 0x08001319   Thumb Code    84  program_protocol.o(i.program_protocol_handler)
    program_protocol_init                    0x08001371   Thumb Code    32  program_protocol.o(i.program_protocol_init)
    soft_timer_check                         0x08001771   Thumb Code    64  soft_timer.o(i.soft_timer_check)
    soft_timer_handler                       0x080017b5   Thumb Code    78  soft_timer.o(i.soft_timer_handler)
    soft_timer_init                          0x08001809   Thumb Code    12  soft_timer.o(i.soft_timer_init)
    soft_timer_start                         0x08001819   Thumb Code    52  soft_timer.o(i.soft_timer_start)
    soft_timer_stop                          0x08001851   Thumb Code    36  soft_timer.o(i.soft_timer_stop)
    usart_poll                               0x080018c9   Thumb Code    30  device_usart.o(i.usart_poll)
    usart_read                               0x080018ed   Thumb Code    42  device_usart.o(i.usart_read)
    usart_recv_timeout                       0x08001921   Thumb Code    12  device_usart.o(i.usart_recv_timeout)
    usart_send                               0x0800192d   Thumb Code    54  device_usart.o(i.usart_send)
    usart_status_clear                       0x08001975   Thumb Code    12  device_usart.o(i.usart_status_clear)
    usart_status_get                         0x08001985   Thumb Code    10  device_usart.o(i.usart_status_get)
    usart_status_set                         0x08001995   Thumb Code    12  device_usart.o(i.usart_status_set)
    isp_iap_memory_range                     0x080019c0   Data           8  program.o(.constdata)
    progam_flash_range_table                 0x080019c8   Data           8  program.o(.constdata)
    progam_flash_infomation                  0x080019d0   Data           8  program.o(.constdata)
    callback_operation                       0x080019d8   Data          28  program.o(.constdata)
    Region$$Table$$Base                      0x080019f4   Number         0  anon$$obj.o(Region$$Table)
    Region$$Table$$Limit                     0x08001a14   Number         0  anon$$obj.o(Region$$Table)
    program_current_status                   0x20000000   Data           1  program_protocol.o(.data)
    program_start_status_current             0x20000001   Data           1  program_protocol.o(.data)
    SystemCoreClock                          0x20000020   Data           4  system_mm32l3xx.o(.data)
    AHBPrescTable                            0x20000024   Data          16  system_mm32l3xx.o(.data)
    __libspace_start                         0x20001280   Data          96  libspace.o(.bss)
    __temporary_stack_top$libspace           0x200012e0   Data           0  libspace.o(.bss)



==============================================================================

Memory Map of the image

  Image Entry point : 0x080000f5

  Load Region LR_IROM1 (Base: 0x08000000, Size: 0x00001a48, Max: 0x00010000, ABSOLUTE)

    Execution Region ER_IROM1 (Base: 0x08000000, Size: 0x00001a14, Max: 0x00010000, ABSOLUTE)

    Base Addr    Size         Type   Attr      Idx    E Section Name        Object

    0x08000000   0x000000f4   Data   RO         1611    RESET               startup_mm32l3xx.o
    0x080000f4   0x00000008   Code   RO         1632  * !!!main             c_w.l(__main.o)
    0x080000fc   0x00000034   Code   RO         1789    !!!scatter          c_w.l(__scatter.o)
    0x08000130   0x0000001a   Code   RO         1791    !!handler_copy      c_w.l(__scatter_copy.o)
    0x0800014a   0x00000002   PAD
    0x0800014c   0x0000001c   Code   RO         1793    !!handler_zi        c_w.l(__scatter_zi.o)
    0x08000168   0x00000002   Code   RO         1659    .ARM.Collect$$libinit$$00000000  c_w.l(libinit.o)
    0x0800016a   0x00000000   Code   RO         1666    .ARM.Collect$$libinit$$00000002  c_w.l(libinit2.o)
    0x0800016a   0x00000000   Code   RO         1668    .ARM.Collect$$libinit$$00000004  c_w.l(libinit2.o)
    0x0800016a   0x00000000   Code   RO         1671    .ARM.Collect$$libinit$$0000000A  c_w.l(libinit2.o)
    0x0800016a   0x00000000   Code   RO         1673    .ARM.Collect$$libinit$$0000000C  c_w.l(libinit2.o)
    0x0800016a   0x00000000   Code   RO         1675    .ARM.Collect$$libinit$$0000000E  c_w.l(libinit2.o)
    0x0800016a   0x00000000   Code   RO         1678    .ARM.Collect$$libinit$$00000011  c_w.l(libinit2.o)
    0x0800016a   0x00000000   Code   RO         1680    .ARM.Collect$$libinit$$00000013  c_w.l(libinit2.o)
    0x0800016a   0x00000000   Code   RO         1682    .ARM.Collect$$libinit$$00000015  c_w.l(libinit2.o)
    0x0800016a   0x00000000   Code   RO         1684    .ARM.Collect$$libinit$$00000017  c_w.l(libinit2.o)
    0x0800016a   0x00000000   Code   RO         1686    .ARM.Collect$$libinit$$00000019  c_w.l(libinit2.o)
    0x0800016a   0x00000000   Code   RO         1688    .ARM.Collect$$libinit$$0000001B  c_w.l(libinit2.o)
    0x0800016a   0x00000000   Code   RO         1690    .ARM.Collect$$libinit$$0000001D  c_w.l(libinit2.o)
    0x0800016a   0x00000000   Code   RO         1692    .ARM.Collect$$libinit$$0000001F  c_w.l(libinit2.o)
    0x0800016a   0x00000000   Code   RO         1694    .ARM.Collect$$libinit$$00000021  c_w.l(libinit2.o)
    0x0800016a   0x00000000   Code   RO         1696    .ARM.Collect$$libinit$$00000023  c_w.l(libinit2.o)
    0x0800016a   0x00000000   Code   RO         1698    .ARM.Collect$$libinit$$00000025  c_w.l(libinit2.o)
    0x0800016a   0x00000000   Code   RO         1702    .ARM.Collect$$libinit$$0000002C  c_w.l(libinit2.o)
    0x0800016a   0x00000000   Code   RO         1704    .ARM.Collect$$libinit$$0000002E  c_w.l(libinit2.o)
    0x0800016a   0x00000000   Code   RO         1706    .ARM.Collect$$libinit$$00000030  c_w.l(libinit2.o)
    0x0800016a   0x00000000   Code   RO         1708    .ARM.Collect$$libinit$$00000032  c_w.l(libinit2.o)
    0x0800016a   0x00000002   Code   RO         1709    .ARM.Collect$$libinit$$00000033  c_w.l(libinit2.o)
    0x0800016c   0x00000002   Code   RO         1729    .ARM.Collect$$libshutdown$$00000000  c_w.l(libshutdown.o)
    0x0800016e   0x00000000   Code   RO         1742    .ARM.Collect$$libshutdown$$00000002  c_w.l(libshutdown2.o)
    0x0800016e   0x00000000   Code   RO         1744    .ARM.Collect$$libshutdown$$00000004  c_w.l(libshutdown2.o)
    0x0800016e   0x00000000   Code   RO         1747    .ARM.Collect$$libshutdown$$00000007  c_w.l(libshutdown2.o)
    0x0800016e   0x00000000   Code   RO         1750    .ARM.Collect$$libshutdown$$0000000A  c_w.l(libshutdown2.o)
    0x0800016e   0x00000000   Code   RO         1752    .ARM.Collect$$libshutdown$$0000000C  c_w.l(libshutdown2.o)
    0x0800016e   0x00000000   Code   RO         1755    .ARM.Collect$$libshutdown$$0000000F  c_w.l(libshutdown2.o)
    0x0800016e   0x00000002   Code   RO         1756    .ARM.Collect$$libshutdown$$00000010  c_w.l(libshutdown2.o)
    0x08000170   0x00000000   Code   RO         1634    .ARM.Collect$$rtentry$$00000000  c_w.l(__rtentry.o)
    0x08000170   0x00000000   Code   RO         1636    .ARM.Collect$$rtentry$$00000002  c_w.l(__rtentry2.o)
    0x08000170   0x00000006   Code   RO         1648    .ARM.Collect$$rtentry$$00000004  c_w.l(__rtentry4.o)
    0x08000176   0x00000000   Code   RO         1638    .ARM.Collect$$rtentry$$00000009  c_w.l(__rtentry2.o)
    0x08000176   0x00000004   Code   RO         1639    .ARM.Collect$$rtentry$$0000000A  c_w.l(__rtentry2.o)
    0x0800017a   0x00000000   Code   RO         1641    .ARM.Collect$$rtentry$$0000000C  c_w.l(__rtentry2.o)
    0x0800017a   0x00000008   Code   RO         1642    .ARM.Collect$$rtentry$$0000000D  c_w.l(__rtentry2.o)
    0x08000182   0x00000002   Code   RO         1663    .ARM.Collect$$rtexit$$00000000  c_w.l(rtexit.o)
    0x08000184   0x00000000   Code   RO         1711    .ARM.Collect$$rtexit$$00000002  c_w.l(rtexit2.o)
    0x08000184   0x00000004   Code   RO         1712    .ARM.Collect$$rtexit$$00000003  c_w.l(rtexit2.o)
    0x08000188   0x00000006   Code   RO         1713    .ARM.Collect$$rtexit$$00000004  c_w.l(rtexit2.o)
    0x0800018e   0x00000002   PAD
    0x08000190   0x00000040   Code   RO         1612    .text               startup_mm32l3xx.o
    0x080001d0   0x0000000e   Code   RO         1616    .text               context.o
    0x080001de   0x00000058   Code   RO         1622    .text               c_w.l(memcmp.o)
    0x08000236   0x0000008a   Code   RO         1624    .text               c_w.l(rt_memcpy_v6.o)
    0x080002c0   0x00000064   Code   RO         1626    .text               c_w.l(rt_memcpy_w.o)
    0x08000324   0x0000004e   Code   RO         1628    .text               c_w.l(rt_memclr_w.o)
    0x08000372   0x00000006   Code   RO         1630    .text               c_w.l(heapauxi.o)
    0x08000378   0x0000004a   Code   RO         1650    .text               c_w.l(sys_stackheap_outer.o)
    0x080003c2   0x00000012   Code   RO         1652    .text               c_w.l(exit.o)
    0x080003d4   0x00000008   Code   RO         1660    .text               c_w.l(libspace.o)
    0x080003dc   0x0000000c   Code   RO         1721    .text               c_w.l(sys_exit.o)
    0x080003e8   0x00000002   Code   RO         1732    .text               c_w.l(use_no_semi.o)
    0x080003ea   0x00000000   Code   RO         1734    .text               c_w.l(indicate_semi.o)
    0x080003ea   0x00000002   PAD
    0x080003ec   0x00000024   Code   RO         1521    i.CRC_CalcBlockCRC  hal_crc.o
    0x08000410   0x0000001c   Code   RO         1522    i.CRC_CalcCRC       hal_crc.o
    0x0800042c   0x0000000c   Code   RO         1523    i.CRC_GetCRC        hal_crc.o
    0x08000438   0x0000000c   Code   RO         1525    i.CRC_ResetDR       hal_crc.o
    0x08000444   0x00000050   Code   RO         1220    i.FLASH_ErasePage   hal_flash.o
    0x08000494   0x00000034   Code   RO         1224    i.FLASH_GetStatus   hal_flash.o
    0x080004c8   0x00000014   Code   RO         1229    i.FLASH_Lock        hal_flash.o
    0x080004dc   0x00000068   Code   RO         1233    i.FLASH_ProgramWord  hal_flash.o
    0x08000544   0x00000018   Code   RO         1236    i.FLASH_Unlock      hal_flash.o
    0x0800055c   0x0000002a   Code   RO         1238    i.FLASH_WaitForLastOperation  hal_flash.o
    0x08000586   0x00000116   Code   RO         1101    i.GPIO_Init         hal_gpio.o
    0x0800069c   0x0000000e   Code   RO          394    i.NVIC_Configuration  board.o
    0x080006aa   0x00000002   PAD
    0x080006ac   0x00000080   Code   RO          994    i.NVIC_Init         hal_misc.o
    0x0800072c   0x00000014   Code   RO          996    i.NVIC_SetVectorTable  hal_misc.o
    0x08000740   0x00000020   Code   RO          705    i.RCC_AHBPeriphClockCmd  hal_rcc.o
    0x08000760   0x00000020   Code   RO          706    i.RCC_APB1PeriphClockCmd  hal_rcc.o
    0x08000780   0x00000020   Code   RO          708    i.RCC_APB2PeriphClockCmd  hal_rcc.o
    0x080007a0   0x000000ec   Code   RO          716    i.RCC_GetClocksFreq  hal_rcc.o
    0x0800088c   0x00000008   Code   RO         1575    i.SetSysClock       system_mm32l3xx.o
    0x08000894   0x000000a0   Code   RO         1576    i.SetSysClockTo96_HSI  system_mm32l3xx.o
    0x08000934   0x00000008   Code   RO          395    i.SysTick_Handler   board.o
    0x0800093c   0x00000068   Code   RO         1577    i.SystemInit        system_mm32l3xx.o
    0x080009a4   0x000000cc   Code   RO          435    i.UART3_IRQHandler  device_usart.o
    0x08000a70   0x00000004   Code   RO          615    i.UART_ClearITPendingBit  hal_uart.o
    0x08000a74   0x00000018   Code   RO          616    i.UART_Cmd          hal_uart.o
    0x08000a8c   0x00000012   Code   RO          620    i.UART_GetITStatus  hal_uart.o
    0x08000a9e   0x00000012   Code   RO          621    i.UART_ITConfig     hal_uart.o
    0x08000ab0   0x00000070   Code   RO          622    i.UART_Init         hal_uart.o
    0x08000b20   0x00000008   Code   RO          623    i.UART_ReceiveData  hal_uart.o
    0x08000b28   0x00000006   Code   RO          624    i.UART_SendData     hal_uart.o
    0x08000b2e   0x00000006   Code   RO          328    i.bootarg_set       program.o
    0x08000b34   0x0000001a   Code   RO           48    i.checksum          program_protocol.o
    0x08000b4e   0x00000002   Code   RO          186    i.copy_to_runmem    hardware.o
    0x08000b50   0x0000001a   Code   RO         1239    i.delay             hal_flash.o
    0x08000b6a   0x00000002   PAD
    0x08000b6c   0x000000a8   Code   RO          436    i.device_usart_init  device_usart.o
    0x08000c14   0x0000001c   Code   RO          329    i.erase_callback    program.o
    0x08000c30   0x0000000c   Code   RO          187    i.hardware_init     hardware.o
    0x08000c3c   0x0000006c   Code   RO          396    i.hw_board_init     board.o
    0x08000ca8   0x00000002   Code   RO          510    i.hw_led_init       device_led.o
    0x08000caa   0x00000012   Code   RO          188    i.hw_resource_reset  hardware.o
    0x08000cbc   0x00000016   Code   RO          189    i.jmp_application   hardware.o
    0x08000cd2   0x00000002   Code   RO          511    i.led_control       device_led.o
    0x08000cd4   0x0000000e   Code   RO          512    i.led_init          device_led.o
    0x08000ce2   0x0000002c   Code   RO            1    i.main              main.o
    0x08000d0e   0x00000002   PAD
    0x08000d10   0x00000078   Code   RO          330    i.memory_available  program.o
    0x08000d88   0x000000a2   Code   RO          190    i.memory_crc32      hardware.o
    0x08000e2a   0x00000034   Code   RO          191    i.memory_erase      hardware.o
    0x08000e5e   0x0000001a   Code   RO          192    i.memory_read       hardware.o
    0x08000e78   0x0000002c   Code   RO          193    i.memory_write      hardware.o
    0x08000ea4   0x00000008   Code   RO          331    i.program_application_strtup_address  program.o
    0x08000eac   0x00000038   Code   RO           49    i.program_bootarg   program_protocol.o
    0x08000ee4   0x00000020   Code   RO          332    i.program_callback  program.o
    0x08000f04   0x000000d0   Code   RO           50    i.program_erase     program_protocol.o
    0x08000fd4   0x0000001c   Code   RO          333    i.program_init      program.o
    0x08000ff0   0x00000024   Code   RO           51    i.program_probe     program_protocol.o
    0x08001014   0x00000114   Code   RO           52    i.program_probe_stream  program_protocol.o
    0x08001128   0x000000d4   Code   RO           53    i.program_program   program_protocol.o
    0x080011fc   0x00000108   Code   RO           54    i.program_protocol  program_protocol.o
    0x08001304   0x00000014   Code   RO           55    i.program_protocol_callback_config  program_protocol.o
    0x08001318   0x00000058   Code   RO           56    i.program_protocol_handler  program_protocol.o
    0x08001370   0x0000002c   Code   RO           57    i.program_protocol_init  program_protocol.o
    0x0800139c   0x000000d4   Code   RO           58    i.program_read      program_protocol.o
    0x08001470   0x00000154   Code   RO           59    i.program_read_infomation  program_protocol.o
    0x080015c4   0x0000002c   Code   RO           60    i.program_startup   program_protocol.o
    0x080015f0   0x00000034   Code   RO           61    i.program_std_return  program_protocol.o
    0x08001624   0x00000018   Code   RO           62    i.program_timeout   program_protocol.o
    0x0800163c   0x000000ec   Code   RO           63    i.program_verif     program_protocol.o
    0x08001728   0x00000032   Code   RO          334    i.read_callback     program.o
    0x0800175a   0x00000002   PAD
    0x0800175c   0x00000014   Code   RO          335    i.read_infomation_callback  program.o
    0x08001770   0x00000044   Code   RO          142    i.soft_timer_check  soft_timer.o
    0x080017b4   0x00000054   Code   RO          143    i.soft_timer_handler  soft_timer.o
    0x08001808   0x00000010   Code   RO          144    i.soft_timer_init   soft_timer.o
    0x08001818   0x00000038   Code   RO          145    i.soft_timer_start  soft_timer.o
    0x08001850   0x00000028   Code   RO          146    i.soft_timer_stop   soft_timer.o
    0x08001878   0x00000050   Code   RO          336    i.startup_application_callback  program.o
    0x080018c8   0x00000024   Code   RO          437    i.usart_poll        device_usart.o
    0x080018ec   0x00000034   Code   RO          438    i.usart_read        device_usart.o
    0x08001920   0x0000000c   Code   RO          439    i.usart_recv_timeout  device_usart.o
    0x0800192c   0x00000048   Code   RO          440    i.usart_send        device_usart.o
    0x08001974   0x00000010   Code   RO          441    i.usart_status_clear  device_usart.o
    0x08001984   0x00000010   Code   RO          442    i.usart_status_get  device_usart.o
    0x08001994   0x00000010   Code   RO          443    i.usart_status_set  device_usart.o
    0x080019a4   0x0000001a   Code   RO          337    i.verif_callback    program.o
    0x080019be   0x00000002   PAD
    0x080019c0   0x00000034   Data   RO          338    .constdata          program.o
    0x080019f4   0x00000020   Data   RO         1787    Region$$Table       anon$$obj.o


    Execution Region RW_IRAM1 (Base: 0x20000000, Size: 0x000018e0, Max: 0x00005000, ABSOLUTE)

    Base Addr    Size         Type   Attr      Idx    E Section Name        Object

    0x20000000   0x00000002   Data   RW           65    .data               program_protocol.o
    0x20000002   0x00000001   Data   RW          339    .data               program.o
    0x20000003   0x00000001   PAD
    0x20000004   0x00000008   Data   RW          445    .data               device_usart.o
    0x2000000c   0x00000014   Data   RW          737    .data               hal_rcc.o
    0x20000020   0x00000014   Data   RW         1578    .data               system_mm32l3xx.o
    0x20000034   0x00000a1c   Zero   RW           64    .bss                program_protocol.o
    0x20000a50   0x00000030   Zero   RW          147    .bss                soft_timer.o
    0x20000a80   0x00000800   Zero   RW          444    .bss                device_usart.o
    0x20001280   0x00000060   Zero   RW         1661    .bss                c_w.l(libspace.o)
    0x200012e0   0x00000200   Zero   RW         1610    HEAP                startup_mm32l3xx.o
    0x200014e0   0x00000400   Zero   RW         1609    STACK               startup_mm32l3xx.o


==============================================================================

Image component sizes


      Code (inc. data)   RO Data    RW Data    ZI Data      Debug   Object Name

       130         14          0          0          0      23518   board.o
        14          0          0          0          0        388   context.o
        18          0          0          0          0       1253   device_led.o
       592         82          0          8       2048       5702   device_usart.o
        88         20          0          0          0       2384   hal_crc.o
       348         30          0          0          0       5033   hal_flash.o
       278          0          0          0          0       1732   hal_gpio.o
       148         22          0          0          0       1498   hal_misc.o
       332         42          0         20          0       4838   hal_rcc.o
       190          4          0          0          0       4426   hal_uart.o
       338          0          0          0          0     137314   hardware.o
        44          0          0          0          0       4083   main.o
       398         30         52          1          0       6378   program.o
      2138        234          0          2       2588      11435   program_protocol.o
       264         22          0          0         48       3383   soft_timer.o
        64         26        244          0       1536        828   startup_mm32l3xx.o
       272         26          0         20          0       2105   system_mm32l3xx.o

    ----------------------------------------------------------------------
      5666        552        328         52       6220     216298   Object Totals
         0          0         32          0          0          0   (incl. Generated)
        10          0          0          1          0          0   (incl. Padding)

    ----------------------------------------------------------------------

      Code (inc. data)   RO Data    RW Data    ZI Data      Debug   Library Member Name

         8          0          0          0          0         68   __main.o
         0          0          0          0          0          0   __rtentry.o
        12          0          0          0          0          0   __rtentry2.o
         6          0          0          0          0          0   __rtentry4.o
        52          8          0          0          0          0   __scatter.o
        26          0          0          0          0          0   __scatter_copy.o
        28          0          0          0          0          0   __scatter_zi.o
        18          0          0          0          0         80   exit.o
         6          0          0          0          0        152   heapauxi.o
         0          0          0          0          0          0   indicate_semi.o
         2          0          0          0          0          0   libinit.o
         2          0          0          0          0          0   libinit2.o
         2          0          0          0          0          0   libshutdown.o
         2          0          0          0          0          0   libshutdown2.o
         8          4          0          0         96         68   libspace.o
        88          0          0          0          0         76   memcmp.o
        78          0          0          0          0         80   rt_memclr_w.o
       138          0          0          0          0         68   rt_memcpy_v6.o
       100          0          0          0          0         80   rt_memcpy_w.o
         2          0          0          0          0          0   rtexit.o
        10          0          0          0          0          0   rtexit2.o
        12          4          0          0          0         68   sys_exit.o
        74          0          0          0          0         80   sys_stackheap_outer.o
         2          0          0          0          0         68   use_no_semi.o

    ----------------------------------------------------------------------
       682         16          0          0         96        888   Library Totals
         6          0          0          0          0          0   (incl. Padding)

    ----------------------------------------------------------------------

      Code (inc. data)   RO Data    RW Data    ZI Data      Debug   Library Name

       676         16          0          0         96        888   c_w.l

    ----------------------------------------------------------------------
       682         16          0          0         96        888   Library Totals

    ----------------------------------------------------------------------

==============================================================================


      Code (inc. data)   RO Data    RW Data    ZI Data      Debug   

      6348        568        328         52       6316     212658   Grand Totals
      6348        568        328         52       6316     212658   ELF Image Totals
      6348        568        328         52          0          0   ROM Totals

==============================================================================

    Total RO  Size (Code + RO Data)                 6676 (   6.52kB)
    Total RW  Size (RW Data + ZI Data)              6368 (   6.22kB)
    Total ROM Size (Code + RO Data + RW Data)       6728 (   6.57kB)

==============================================================================

